Component: Arm Compiler for Embedded 6.19 Tool: armlink [5e73cb00]

==============================================================================

Section Cross References

    at32f403a_407_clock.o(.text.system_clock_config) refers to at32f403a_407_crm.o(.text.crm_reset) for crm_reset
    at32f403a_407_clock.o(.text.system_clock_config) refers to at32f403a_407_crm.o(.text.crm_clock_source_enable) for crm_clock_source_enable
    at32f403a_407_clock.o(.text.system_clock_config) refers to at32f403a_407_crm.o(.text.crm_hext_stable_wait) for crm_hext_stable_wait
    at32f403a_407_clock.o(.text.system_clock_config) refers to at32f403a_407_crm.o(.text.crm_pll_config) for crm_pll_config
    at32f403a_407_clock.o(.text.system_clock_config) refers to at32f403a_407_crm.o(.text.crm_hext_clock_div_set) for crm_hext_clock_div_set
    at32f403a_407_clock.o(.text.system_clock_config) refers to at32f403a_407_crm.o(.text.crm_flag_get) for crm_flag_get
    at32f403a_407_clock.o(.text.system_clock_config) refers to at32f403a_407_crm.o(.text.crm_ahb_div_set) for crm_ahb_div_set
    at32f403a_407_clock.o(.text.system_clock_config) refers to at32f403a_407_crm.o(.text.crm_apb2_div_set) for crm_apb2_div_set
    at32f403a_407_clock.o(.text.system_clock_config) refers to at32f403a_407_crm.o(.text.crm_apb1_div_set) for crm_apb1_div_set
    at32f403a_407_clock.o(.text.system_clock_config) refers to at32f403a_407_crm.o(.text.crm_auto_step_mode_enable) for crm_auto_step_mode_enable
    at32f403a_407_clock.o(.text.system_clock_config) refers to at32f403a_407_crm.o(.text.crm_sysclk_switch) for crm_sysclk_switch
    at32f403a_407_clock.o(.text.system_clock_config) refers to at32f403a_407_crm.o(.text.crm_sysclk_switch_status_get) for crm_sysclk_switch_status_get
    at32f403a_407_clock.o(.text.system_clock_config) refers to system_at32f403a_407.o(.text.system_core_clock_update) for system_core_clock_update
    at32f403a_407_clock.o(.ARM.exidx.text.system_clock_config) refers to at32f403a_407_clock.o(.text.system_clock_config) for [Anonymous Symbol]
    at32f403a_407_int.o(.ARM.exidx.text.NMI_Handler) refers to at32f403a_407_int.o(.text.NMI_Handler) for [Anonymous Symbol]
    at32f403a_407_int.o(.ARM.exidx.text.HardFault_Handler) refers to at32f403a_407_int.o(.text.HardFault_Handler) for [Anonymous Symbol]
    at32f403a_407_int.o(.ARM.exidx.text.MemManage_Handler) refers to at32f403a_407_int.o(.text.MemManage_Handler) for [Anonymous Symbol]
    at32f403a_407_int.o(.ARM.exidx.text.BusFault_Handler) refers to at32f403a_407_int.o(.text.BusFault_Handler) for [Anonymous Symbol]
    at32f403a_407_int.o(.ARM.exidx.text.UsageFault_Handler) refers to at32f403a_407_int.o(.text.UsageFault_Handler) for [Anonymous Symbol]
    at32f403a_407_int.o(.ARM.exidx.text.SVC_Handler) refers to at32f403a_407_int.o(.text.SVC_Handler) for [Anonymous Symbol]
    at32f403a_407_int.o(.ARM.exidx.text.DebugMon_Handler) refers to at32f403a_407_int.o(.text.DebugMon_Handler) for [Anonymous Symbol]
    at32f403a_407_int.o(.ARM.exidx.text.PendSV_Handler) refers to at32f403a_407_int.o(.text.PendSV_Handler) for [Anonymous Symbol]
    at32f403a_407_int.o(.ARM.exidx.text.SysTick_Handler) refers to at32f403a_407_int.o(.text.SysTick_Handler) for [Anonymous Symbol]
    main.o(.text.keyboard_send_string) refers to keyboard_class.o(.text.usb_hid_keyboard_send_char) for usb_hid_keyboard_send_char
    main.o(.ARM.exidx.text.keyboard_send_string) refers to main.o(.text.keyboard_send_string) for [Anonymous Symbol]
    main.o(.text.usb_clock48m_select) refers to system_at32f403a_407.o(.data.system_core_clock) for system_core_clock
    main.o(.text.usb_clock48m_select) refers to at32f403a_407_crm.o(.text.crm_usb_clock_div_set) for crm_usb_clock_div_set
    main.o(.text.usb_clock48m_select) refers to at32f403a_407_crm.o(.text.crm_usb_clock_source_select) for crm_usb_clock_source_select
    main.o(.text.usb_clock48m_select) refers to at32f403a_407_crm.o(.text.crm_periph_clock_enable) for crm_periph_clock_enable
    main.o(.text.usb_clock48m_select) refers to at32f403a_407_acc.o(.text.acc_write_c1) for acc_write_c1
    main.o(.text.usb_clock48m_select) refers to at32f403a_407_acc.o(.text.acc_write_c2) for acc_write_c2
    main.o(.text.usb_clock48m_select) refers to at32f403a_407_acc.o(.text.acc_write_c3) for acc_write_c3
    main.o(.text.usb_clock48m_select) refers to at32f403a_407_acc.o(.text.acc_calibration_mode_enable) for acc_calibration_mode_enable
    main.o(.ARM.exidx.text.usb_clock48m_select) refers to main.o(.text.usb_clock48m_select) for [Anonymous Symbol]
    main.o(.text.main) refers to at32f403a_407_misc.o(.text.nvic_priority_group_config) for nvic_priority_group_config
    main.o(.text.main) refers to at32f403a_407_clock.o(.text.system_clock_config) for system_clock_config
    main.o(.text.main) refers to at32f403a_407_board.o(.text.at32_board_init) for at32_board_init
    main.o(.text.main) refers to main.o(.text.usb_clock48m_select) for usb_clock48m_select
[...]
    at32f403a_407_exint.c                    0x00000000   Number         0  at32f403a_407_exint.o ABSOLUTE
    at32f403a_407_flash.c                    0x00000000   Number         0  at32f403a_407_flash.o ABSOLUTE
    at32f403a_407_gpio.c                     0x00000000   Number         0  at32f403a_407_gpio.o ABSOLUTE
    at32f403a_407_i2c.c                      0x00000000   Number         0  at32f403a_407_i2c.o ABSOLUTE
    at32f403a_407_int.c                      0x00000000   Number         0  at32f403a_407_int.o ABSOLUTE
    at32f403a_407_misc.c                     0x00000000   Number         0  at32f403a_407_misc.o ABSOLUTE
    at32f403a_407_pwc.c                      0x00000000   Number         0  at32f403a_407_pwc.o ABSOLUTE
    at32f403a_407_rtc.c                      0x00000000   Number         0  at32f403a_407_rtc.o ABSOLUTE
    at32f403a_407_sdio.c                     0x00000000   Number         0  at32f403a_407_sdio.o ABSOLUTE
    at32f403a_407_spi.c                      0x00000000   Number         0  at32f403a_407_spi.o ABSOLUTE
    at32f403a_407_tmr.c                      0x00000000   Number         0  at32f403a_407_tmr.o ABSOLUTE
    at32f403a_407_usart.c                    0x00000000   Number         0  at32f403a_407_usart.o ABSOLUTE
    at32f403a_407_usb.c                      0x00000000   Number         0  at32f403a_407_usb.o ABSOLUTE
    at32f403a_407_wdt.c                      0x00000000   Number         0  at32f403a_407_wdt.o ABSOLUTE
    at32f403a_407_wwdt.c                     0x00000000   Number         0  at32f403a_407_wwdt.o ABSOLUTE
    at32f403a_407_xmc.c                      0x00000000   Number         0  at32f403a_407_xmc.o ABSOLUTE
    dc.s                                     0x00000000   Number         0  dc.o ABSOLUTE
    keyboard_class.c                         0x00000000   Number         0  keyboard_class.o ABSOLUTE
    keyboard_desc.c                          0x00000000   Number         0  keyboard_desc.o ABSOLUTE
    main.c                                   0x00000000   Number         0  main.o ABSOLUTE
    system_at32f403a_407.c                   0x00000000   Number         0  system_at32f403a_407.o ABSOLUTE
    usbd_core.c                              0x00000000   Number         0  usbd_core.o ABSOLUTE
    usbd_int.c                               0x00000000   Number         0  usbd_int.o ABSOLUTE
    usbd_sdr.c                               0x00000000   Number         0  usbd_sdr.o ABSOLUTE
    RESET                                    0x08000000   Section      388  startup_at32f403a_407.o(RESET)
    !!!main                                  0x08000184   Section        8  __main.o(!!!main)
    !!!scatter                               0x0800018c   Section       52  __scatter.o(!!!scatter)
    !!handler_copy                           0x080001c0   Section       26  __scatter_copy.o(!!handler_copy)
    !!handler_zi                             0x080001dc   Section       28  __scatter_zi.o(!!handler_zi)
    .ARM.Collect$$libinit$$00000000          0x080001f8   Section        2  libinit.o(.ARM.Collect$$libinit$$00000000)
    .ARM.Collect$$libinit$$00000001          0x080001fa   Section        4  libinit2.o(.ARM.Collect$$libinit$$00000001)
    .ARM.Collect$$libinit$$00000004          0x080001fe   Section        0  libinit2.o(.ARM.Collect$$libinit$$00000004)
    .ARM.Collect$$libinit$$00000006          0x080001fe   Section        0  libinit2.o(.ARM.Collect$$libinit$$00000006)
    .ARM.Collect$$libinit$$0000000C          0x080001fe   Section        0  libinit2.o(.ARM.Collect$$libinit$$0000000C)
    .ARM.Collect$$libinit$$0000000E          0x080001fe   Section        0  libinit2.o(.ARM.Collect$$libinit$$0000000E)
    .ARM.Collect$$libinit$$00000010          0x080001fe   Section        0  libinit2.o(.ARM.Collect$$libinit$$00000010)
    .ARM.Collect$$libinit$$00000013          0x080001fe   Section        0  libinit2.o(.ARM.Collect$$libinit$$00000013)
    .ARM.Collect$$libinit$$00000015          0x080001fe   Section        0  libinit2.o(.ARM.Collect$$libinit$$00000015)
    .ARM.Collect$$libinit$$00000017          0x080001fe   Section        0  libinit2.o(.ARM.Collect$$libinit$$00000017)
    .ARM.Collect$$libinit$$00000019          0x080001fe   Section        0  libinit2.o(.ARM.Collect$$libinit$$00000019)
    .ARM.Collect$$libinit$$0000001B          0x080001fe   Section        0  libinit2.o(.ARM.Collect$$libinit$$0000001B)
    .ARM.Collect$$libinit$$0000001D          0x080001fe   Section        0  libinit2.o(.ARM.Collect$$libinit$$0000001D)
    .ARM.Collect$$libinit$$0000001F          0x080001fe   Section        0  libinit2.o(.ARM.Collect$$libinit$$0000001F)
    .ARM.Collect$$libinit$$00000021          0x080001fe   Section        0  libinit2.o(.ARM.Collect$$libinit$$00000021)
    .ARM.Collect$$libinit$$00000023          0x080001fe   Section        0  libinit2.o(.ARM.Collect$$libinit$$00000023)
    .ARM.Collect$$libinit$$00000025          0x080001fe   Section        0  libinit2.o(.ARM.Collect$$libinit$$00000025)
    .ARM.Collect$$libinit$$00000027          0x080001fe   Section        0  libinit2.o(.ARM.Collect$$libinit$$00000027)
    .ARM.Collect$$libinit$$0000002E          0x080001fe   Section        0  libinit2.o(.ARM.Collect$$libinit$$0000002E)
    .ARM.Collect$$libinit$$00000030          0x080001fe   Section        0  libinit2.o(.ARM.Collect$$libinit$$00000030)
    .ARM.Collect$$libinit$$00000032          0x080001fe   Section        0  libinit2.o(.ARM.Collect$$libinit$$00000032)
    .ARM.Collect$$libinit$$00000034          0x080001fe   Section        0  libinit2.o(.ARM.Collect$$libinit$$00000034)
    .ARM.Collect$$libinit$$00000035          0x080001fe   Section        2  libinit2.o(.ARM.Collect$$libinit$$00000035)
    .ARM.Collect$$libshutdown$$00000000      0x08000200   Section        2  libshutdown.o(.ARM.Collect$$libshutdown$$00000000)
    .ARM.Collect$$libshutdown$$00000002      0x08000202   Section        0  libshutdown2.o(.ARM.Collect$$libshutdown$$00000002)
    .ARM.Collect$$libshutdown$$00000004      0x08000202   Section        0  libshutdown2.o(.ARM.Collect$$libshutdown$$00000004)
    .ARM.Collect$$libshutdown$$00000007      0x08000202   Section        0  libshutdown2.o(.ARM.Collect$$libshutdown$$00000007)
    .ARM.Collect$$libshutdown$$0000000A      0x08000202   Section        0  libshutdown2.o(.ARM.Collect$$libshutdown$$0000000A)
    .ARM.Collect$$libshutdown$$0000000C      0x08000202   Section        0  libshutdown2.o(.ARM.Collect$$libshutdown$$0000000C)
    .ARM.Collect$$libshutdown$$0000000F      0x08000202   Section        0  libshutdown2.o(.ARM.Collect$$libshutdown$$0000000F)
    .ARM.Collect$$libshutdown$$00000010      0x08000202   Section        2  libshutdown2.o(.ARM.Collect$$libshutdown$$00000010)
    .ARM.Collect$$rtentry$$00000000          0x08000204   Section        0  __rtentry.o(.ARM.Collect$$rtentry$$00000000)
    .ARM.Collect$$rtentry$$00000002          0x08000204   Section        0  __rtentry2.o(.ARM.Collect$$rtentry$$00000002)
    .ARM.Collect$$rtentry$$00000004          0x08000204   Section        6  __rtentry4.o(.ARM.Collect$$rtentry$$00000004)
    .ARM.Collect$$rtentry$$00000009          0x0800020a   Section        0  __rtentry2.o(.ARM.Collect$$rtentry$$00000009)
    .ARM.Collect$$rtentry$$0000000A          0x0800020a   Section        4  __rtentry2.o(.ARM.Collect$$rtentry$$0000000A)
    .ARM.Collect$$rtentry$$0000000C          0x0800020e   Section        0  __rtentry2.o(.ARM.Collect$$rtentry$$0000000C)
    .ARM.Collect$$rtentry$$0000000D          0x0800020e   Section        8  __rtentry2.o(.ARM.Collect$$rtentry$$0000000D)
    .ARM.Collect$$rtexit$$00000000           0x08000216   Section        2  rtexit.o(.ARM.Collect$$rtexit$$00000000)
    .ARM.Collect$$rtexit$$00000002           0x08000218   Section        0  rtexit2.o(.ARM.Collect$$rtexit$$00000002)
    .ARM.Collect$$rtexit$$00000003           0x08000218   Section        4  rtexit2.o(.ARM.Collect$$rtexit$$00000003)
    .ARM.Collect$$rtexit$$00000004           0x0800021c   Section        6  rtexit2.o(.ARM.Collect$$rtexit$$00000004)
    $v0                                      0x08000224   Number         0  startup_at32f403a_407.o(.text)
    .text                                    0x08000224   Section       64  startup_at32f403a_407.o(.text)
    .text                                    0x08000264   Section        2  use_no_semi_2.o(.text)
    .text                                    0x08000266   Section        0  heapauxi.o(.text)
    .text                                    0x0800026c   Section        2  use_no_semi.o(.text)
    .text                                    0x0800026e   Section       74  sys_stackheap_outer.o(.text)
    .text                                    0x080002b8   Section        0  exit.o(.text)
    .text                                    0x080002cc   Section        8  libspace.o(.text)
    [Anonymous Symbol]                       0x080002d4   Section        0  at32f403a_407_int.o(.text.BusFault_Handler)
    [Anonymous Symbol]                       0x080002d8   Section        0  at32f403a_407_int.o(.text.DebugMon_Handler)
    [Anonymous Symbol]                       0x080002dc   Section        0  main.o(.text.EXINT0_IRQHandler)
    [Anonymous Symbol]                       0x080002e4   Section        0  at32f403a_407_int.o(.text.HardFault_Handler)
    [Anonymous Symbol]                       0x080002e8   Section        0  at32f403a_407_int.o(.text.MemManage_Handler)
    [Anonymous Symbol]                       0x080002ec   Section        0  at32f403a_407_int.o(.text.NMI_Handler)
    [Anonymous Symbol]                       0x080002f0   Section        0  at32f403a_407_int.o(.text.PendSV_Handler)
    [Anonymous Symbol]                       0x080002f4   Section        0  at32f403a_407_int.o(.text.SVC_Handler)
    [Anonymous Symbol]                       0x080002f8   Section        0  at32f403a_407_int.o(.text.SysTick_Handler)
    [Anonymous Symbol]                       0x080002fc   Section        0  system_at32f403a_407.o(.text.SystemInit)
    [Anonymous Symbol]                       0x08000358   Section        0  main.o(.text.USBFSWakeUp_IRQHandler)
    [Anonymous Symbol]                       0x08000360   Section        0  main.o(.text.USBFS_L_CAN1_RX0_IRQHandler)
    [Anonymous Symbol]                       0x0800036c   Section        0  at32f403a_407_int.o(.text.UsageFault_Handler)
    [Anonymous Symbol]                       0x08000370   Section        0  at32f403a_407_board.o(.text._sys_exit)
    [Anonymous Symbol]                       0x08000374   Section        0  at32f403a_407_acc.o(.text.acc_calibration_mode_enable)
    [Anonymous Symbol]                       0x08000394   Section        0  at32f403a_407_acc.o(.text.acc_write_c1)
    [Anonymous Symbol]                       0x080003a0   Section        0  at32f403a_407_acc.o(.text.acc_write_c2)
    [Anonymous Symbol]                       0x080003ac   Section        0  at32f403a_407_acc.o(.text.acc_write_c3)
    [Anonymous Symbol]                       0x080003b8   Section        0  at32f403a_407_board.o(.text.at32_board_init)
    [Anonymous Symbol]                       0x080004cc   Section        0  at32f403a_407_board.o(.text.at32_button_press)
    [Anonymous Symbol]                       0x08000558   Section        0  at32f403a_407_board.o(.text.at32_led_off)
    [Anonymous Symbol]                       0x08000580   Section        0  at32f403a_407_board.o(.text.at32_led_on)
    class_clear_handler                      0x080005a9   Thumb Code    12  keyboard_class.o(.text.class_clear_handler)
    [Anonymous Symbol]                       0x080005a8   Section        0  keyboard_class.o(.text.class_clear_handler)
    class_ept0_rx_handler                    0x080005b5   Thumb Code    32  keyboard_class.o(.text.class_ept0_rx_handler)
    [Anonymous Symbol]                       0x080005b4   Section        0  keyboard_class.o(.text.class_ept0_rx_handler)
    class_ept0_tx_handler                    0x080005d5   Thumb Code     4  keyboard_class.o(.text.class_ept0_tx_handler)
    [Anonymous Symbol]                       0x080005d4   Section        0  keyboard_class.o(.text.class_ept0_tx_handler)
    class_event_handler                      0x080005d9   Thumb Code    18  keyboard_class.o(.text.class_event_handler)
    [Anonymous Symbol]                       0x080005d8   Section        0  keyboard_class.o(.text.class_event_handler)
    class_in_handler                         0x080005ed   Thumb Code    14  keyboard_class.o(.text.class_in_handler)
    [Anonymous Symbol]                       0x080005ec   Section        0  keyboard_class.o(.text.class_in_handler)
    class_init_handler                       0x080005fd   Thumb Code    26  keyboard_class.o(.text.class_init_handler)
    [Anonymous Symbol]                       0x080005fc   Section        0  keyboard_class.o(.text.class_init_handler)
    class_out_handler                        0x08000619   Thumb Code     4  keyboard_class.o(.text.class_out_handler)
    [Anonymous Symbol]                       0x08000618   Section        0  keyboard_class.o(.text.class_out_handler)
    class_setup_handler                      0x0800061d   Thumb Code   192  keyboard_class.o(.text.class_setup_handler)
    [Anonymous Symbol]                       0x0800061c   Section        0  keyboard_class.o(.text.class_setup_handler)
    class_sof_handler                        0x080006dd   Thumb Code     4  keyboard_class.o(.text.class_sof_handler)
    [Anonymous Symbol]                       0x080006dc   Section        0  keyboard_class.o(.text.class_sof_handler)
    [Anonymous Symbol]                       0x080006e0   Section        0  at32f403a_407_crm.o(.text.crm_ahb_div_set)
    [Anonymous Symbol]                       0x080006fc   Section        0  at32f403a_407_crm.o(.text.crm_apb1_div_set)
    [Anonymous Symbol]                       0x08000718   Section        0  at32f403a_407_crm.o(.text.crm_apb2_div_set)
    [Anonymous Symbol]                       0x08000734   Section        0  at32f403a_407_crm.o(.text.crm_auto_step_mode_enable)
    [Anonymous Symbol]                       0x0800074c   Section        0  at32f403a_407_crm.o(.text.crm_clock_source_enable)
    [Anonymous Symbol]                       0x080007c8   Section        0  at32f403a_407_crm.o(.text.crm_flag_get)
    [Anonymous Symbol]                       0x080007e4   Section        0  at32f403a_407_crm.o(.text.crm_hext_clock_div_set)
    [Anonymous Symbol]                       0x08000800   Section        0  at32f403a_407_crm.o(.text.crm_hext_stable_wait)
    [Anonymous Symbol]                       0x08000824   Section        0  at32f403a_407_crm.o(.text.crm_periph_clock_enable)
    [Anonymous Symbol]                       0x0800084c   Section        0  at32f403a_407_crm.o(.text.crm_pll_config)
    [Anonymous Symbol]                       0x080008bc   Section        0  at32f403a_407_crm.o(.text.crm_reset)
    [Anonymous Symbol]                       0x08000900   Section        0  at32f403a_407_crm.o(.text.crm_sysclk_switch)
    [Anonymous Symbol]                       0x08000914   Section        0  at32f403a_407_crm.o(.text.crm_sysclk_switch_status_get)
    [Anonymous Symbol]                       0x08000924   Section        0  at32f403a_407_crm.o(.text.crm_usb_clock_div_set)
    [Anonymous Symbol]                       0x08000940   Section        0  at32f403a_407_crm.o(.text.crm_usb_clock_source_select)
    [Anonymous Symbol]                       0x08000974   Section        0  at32f403a_407_board.o(.text.delay_ms)
    [Anonymous Symbol]                       0x080009d8   Section        0  at32f403a_407_exint.o(.text.exint_default_para_init)
    [Anonymous Symbol]                       0x080009e4   Section        0  at32f403a_407_exint.o(.text.exint_flag_clear)
    [Anonymous Symbol]                       0x080009fc   Section        0  at32f403a_407_exint.o(.text.exint_init)
    get_device_config_string                 0x08000a71   Thumb Code    80  keyboard_desc.o(.text.get_device_config_string)
    [Anonymous Symbol]                       0x08000a70   Section        0  keyboard_desc.o(.text.get_device_config_string)
    get_device_configuration                 0x08000ac1   Thumb Code    10  keyboard_desc.o(.text.get_device_configuration)
    [Anonymous Symbol]                       0x08000ac0   Section        0  keyboard_desc.o(.text.get_device_configuration)
    get_device_descriptor                    0x08000acd   Thumb Code    10  keyboard_desc.o(.text.get_device_descriptor)
    [Anonymous Symbol]                       0x08000acc   Section        0  keyboard_desc.o(.text.get_device_descriptor)
    get_device_interface_string              0x08000ad9   Thumb Code    80  keyboard_desc.o(.text.get_device_interface_string)
    [Anonymous Symbol]                       0x08000ad8   Section        0  keyboard_desc.o(.text.get_device_interface_string)
    get_device_lang_id                       0x08000b29   Thumb Code    10  keyboard_desc.o(.text.get_device_lang_id)
    [Anonymous Symbol]                       0x08000b28   Section        0  keyboard_desc.o(.text.get_device_lang_id)
    get_device_manufacturer_string           0x08000b35   Thumb Code    80  keyboard_desc.o(.text.get_device_manufacturer_string)
    [Anonymous Symbol]                       0x08000b34   Section        0  keyboard_desc.o(.text.get_device_manufacturer_string)
    get_device_other_speed                   0x08000b85   Thumb Code     4  keyboard_desc.o(.text.get_device_other_speed)
    [Anonymous Symbol]                       0x08000b84   Section        0  keyboard_desc.o(.text.get_device_other_speed)
    get_device_product_string                0x08000b89   Thumb Code    80  keyboard_desc.o(.text.get_device_product_string)
    [Anonymous Symbol]                       0x08000b88   Section        0  keyboard_desc.o(.text.get_device_product_string)
    get_device_qualifier                     0x08000bd9   Thumb Code     4  keyboard_desc.o(.text.get_device_qualifier)
    [Anonymous Symbol]                       0x08000bd8   Section        0  keyboard_desc.o(.text.get_device_qualifier)
    get_device_serial_string                 0x08000bdd   Thumb Code   128  keyboard_desc.o(.text.get_device_serial_string)
    [Anonymous Symbol]                       0x08000bdc   Section        0  keyboard_desc.o(.text.get_device_serial_string)
    [Anonymous Symbol]                       0x08000c5c   Section        0  at32f403a_407_gpio.o(.text.gpio_default_para_init)
    [Anonymous Symbol]                       0x08000c70   Section        0  at32f403a_407_gpio.o(.text.gpio_exint_line_config)
    [Anonymous Symbol]                       0x08000cfc   Section        0  at32f403a_407_gpio.o(.text.gpio_init)
    [Anonymous Symbol]                       0x08000dbc   Section        0  at32f403a_407_gpio.o(.text.gpio_input_data_bit_read)
    [Anonymous Symbol]                       0x08000dcc   Section        0  main.o(.text.main)
    [Anonymous Symbol]                       0x08000f60   Section        0  at32f403a_407_misc.o(.text.nvic_irq_enable)
    [Anonymous Symbol]                       0x08000fd4   Section        0  at32f403a_407_misc.o(.text.nvic_priority_group_config)
    [Anonymous Symbol]                       0x08000ff4   Section        0  at32f403a_407_pwc.o(.text.pwc_deep_sleep_mode_enter)
    [Anonymous Symbol]                       0x08001020   Section        0  at32f403a_407_pwc.o(.text.pwc_voltage_regulate_set)
    [Anonymous Symbol]                       0x08001034   Section        0  at32f403a_407_clock.o(.text.system_clock_config)
    [Anonymous Symbol]                       0x080010a4   Section        0  main.o(.text.system_clock_recover)
    [Anonymous Symbol]                       0x080010e4   Section        0  system_at32f403a_407.o(.text.system_core_clock_update)
    system_core_clock_update.sys_ahb_div_table 0x08001188   Number         0  system_at32f403a_407.o(.text.system_core_clock_update)
    [Anonymous Symbol]                       0x08001198   Section        0  at32f403a_407_misc.o(.text.systick_clock_source_config)
    [Anonymous Symbol]                       0x080011b0   Section        0  at32f403a_407_usb.o(.text.usb_buffer_free)
    [Anonymous Symbol]                       0x080011c0   Section        0  at32f403a_407_usb.o(.text.usb_buffer_malloc)
    [Anonymous Symbol]                       0x080011d4   Section        0  main.o(.text.usb_clock48m_select)
    [Anonymous Symbol]                       0x080012d0   Section        0  at32f403a_407_usb.o(.text.usb_connect)
    [Anonymous Symbol]                       0x080012e4   Section        0  main.o(.text.usb_delay_ms)
    [Anonymous Symbol]                       0x080012ec   Section        0  at32f403a_407_usb.o(.text.usb_dev_init)
    [Anonymous Symbol]                       0x08001308   Section        0  at32f403a_407_usb.o(.text.usb_enter_suspend)
    [Anonymous Symbol]                       0x0800131c   Section        0  at32f403a_407_usb.o(.text.usb_ept_close)
    [Anonymous Symbol]                       0x080013f8   Section        0  at32f403a_407_usb.o(.text.usb_ept_open)
    [Anonymous Symbol]                       0x0800171c   Section        0  at32f403a_407_usb.o(.text.usb_exit_suspend)
    [Anonymous Symbol]                       0x08001730   Section        0  at32f403a_407_usb.o(.text.usb_flag_clear)
    [Anonymous Symbol]                       0x08001738   Section        0  keyboard_class.o(.text.usb_hid_keyboard_send_char)
    [Anonymous Symbol]                       0x080017a4   Section        0  at32f403a_407_usb.o(.text.usb_read_packet)
    [Anonymous Symbol]                       0x080017dc   Section        0  at32f403a_407_usb.o(.text.usb_remote_wkup_clear)
    [Anonymous Symbol]                       0x080017e8   Section        0  at32f403a_407_usb.o(.text.usb_remote_wkup_set)
    [Anonymous Symbol]                       0x080017f4   Section        0  at32f403a_407_usb.o(.text.usb_set_address)
    [Anonymous Symbol]                       0x08001808   Section        0  at32f403a_407_usb.o(.text.usb_write_packet)
    [Anonymous Symbol]                       0x08001840   Section        0  usbd_core.o(.text.usbd_clear_stall)
    [Anonymous Symbol]                       0x0800188c   Section        0  usbd_core.o(.text.usbd_connect)
    [Anonymous Symbol]                       0x08001894   Section        0  usbd_core.o(.text.usbd_connect_state_get)
    [Anonymous Symbol]                       0x0800189c   Section        0  usbd_core.o(.text.usbd_core_in_handler)
    [Anonymous Symbol]                       0x08001988   Section        0  usbd_core.o(.text.usbd_core_init)
    [Anonymous Symbol]                       0x08001a00   Section        0  usbd_core.o(.text.usbd_core_out_handler)
    [Anonymous Symbol]                       0x08001a9c   Section        0  usbd_core.o(.text.usbd_core_setup_handler)
    [Anonymous Symbol]                       0x08001af0   Section        0  usbd_core.o(.text.usbd_ctrl_recv)
    [Anonymous Symbol]                       0x08001b30   Section        0  usbd_core.o(.text.usbd_ctrl_send)
    [Anonymous Symbol]                       0x08001b48   Section        0  usbd_core.o(.text.usbd_ctrl_send_status)
    [Anonymous Symbol]                       0x08001b5c   Section        0  usbd_core.o(.text.usbd_ctrl_unsupport)
    [Anonymous Symbol]                       0x08001ba4   Section        0  usbd_sdr.o(.text.usbd_device_request)
    [Anonymous Symbol]                       0x08001de4   Section        0  usbd_sdr.o(.text.usbd_endpoint_request)
    [Anonymous Symbol]                       0x08001f00   Section        0  usbd_core.o(.text.usbd_enter_suspend)
    [Anonymous Symbol]                       0x08001f08   Section        0  usbd_core.o(.text.usbd_ept_buf_auto_define)
    [Anonymous Symbol]                       0x08001f54   Section        0  usbd_core.o(.text.usbd_ept_close)
    [Anonymous Symbol]                       0x08001f70   Section        0  usbd_core.o(.text.usbd_ept_defaut_init)
    [Anonymous Symbol]                       0x08001fd4   Section        0  usbd_core.o(.text.usbd_ept_open)
    [Anonymous Symbol]                       0x08002018   Section        0  usbd_core.o(.text.usbd_ept_recv)
    [Anonymous Symbol]                       0x08002058   Section        0  usbd_core.o(.text.usbd_ept_send)
    [Anonymous Symbol]                       0x08002108   Section        0  usbd_int.o(.text.usbd_eptn_handler)
    [Anonymous Symbol]                       0x080022c0   Section        0  usbd_core.o(.text.usbd_get_recv_len)
    [Anonymous Symbol]                       0x080022d0   Section        0  usbd_sdr.o(.text.usbd_interface_request)
    [Anonymous Symbol]                       0x08002314   Section        0  usbd_int.o(.text.usbd_irq_handler)
    [Anonymous Symbol]                       0x08002420   Section        0  usbd_core.o(.text.usbd_remote_wakeup)
    [Anonymous Symbol]                       0x08002448   Section        0  usbd_core.o(.text.usbd_set_stall)
    [Anonymous Symbol]                       0x08002494   Section        0  usbd_sdr.o(.text.usbd_setup_request_parse)
    $v0                                      0x080024aa   Number         0  fpinit.o(x$fpl$fpinit)
    x$fpl$fpinit                             0x080024aa   Section       26  fpinit.o(x$fpl$fpinit)
    _asciimap                                0x080024c4   Data         128  keyboard_class.o(.rodata._asciimap)
    [Anonymous Symbol]                       0x080024c4   Section        0  keyboard_class.o(.rodata._asciimap)
    .L.str.1                                 0x08002544   Data           9  keyboard_desc.o(.rodata.str1.1)
    [Anonymous Symbol]                       0x08002544   Section        0  keyboard_desc.o(.rodata.str1.1)
    .L.str.3                                 0x0800254d   Data          19  keyboard_desc.o(.rodata.str1.1)
    .L.str.4                                 0x08002560   Data          16  keyboard_desc.o(.rodata.str1.1)
    .L.str                                   0x08002570   Data           7  keyboard_desc.o(.rodata.str1.1)
    config_descriptor                        0x20000000   Data           8  keyboard_desc.o(.data.config_descriptor)
    [Anonymous Symbol]                       0x20000000   Section        0  keyboard_desc.o(.data.config_descriptor)
    device_descriptor                        0x20000008   Data           8  keyboard_desc.o(.data.device_descriptor)
    [Anonymous Symbol]                       0x20000008   Section        0  keyboard_desc.o(.data.device_descriptor)
    g_string_lang_id                         0x2000001c   Data           4  keyboard_desc.o(.data.g_string_lang_id)
    [Anonymous Symbol]                       0x2000001c   Section        0  keyboard_desc.o(.data.g_string_lang_id)
    g_string_serial                          0x20000020   Data          26  keyboard_desc.o(.data.g_string_serial)
    [Anonymous Symbol]                       0x20000020   Section        0  keyboard_desc.o(.data.g_string_serial)
    g_usb_offset_addr                        0x2000003a   Data           2  at32f403a_407_usb.o(.data.g_usb_offset_addr)
    [Anonymous Symbol]                       0x2000003a   Section        0  at32f403a_407_usb.o(.data.g_usb_offset_addr)
    g_usbd_configuration                     0x20000040   Data          34  keyboard_desc.o(.data.g_usbd_configuration)
    [Anonymous Symbol]                       0x20000040   Section        0  keyboard_desc.o(.data.g_usbd_configuration)
    g_usbd_descriptor                        0x20000064   Data          18  keyboard_desc.o(.data.g_usbd_descriptor)
    [Anonymous Symbol]                       0x20000064   Section        0  keyboard_desc.o(.data.g_usbd_descriptor)
    langid_descriptor                        0x20000108   Data           8  keyboard_desc.o(.data.langid_descriptor)
    [Anonymous Symbol]                       0x20000108   Section        0  keyboard_desc.o(.data.langid_descriptor)
    serial_descriptor                        0x20000130   Data           8  keyboard_desc.o(.data.serial_descriptor)
    [Anonymous Symbol]                       0x20000130   Section        0  keyboard_desc.o(.data.serial_descriptor)
    .bss                                     0x20000140   Section       96  libspace.o(.bss)
    at32_button_press.pressed                0x200001a0   Data           1  at32f403a_407_board.o(.bss.at32_button_press.pressed)
    [Anonymous Symbol]                       0x200001a0   Section        0  at32f403a_407_board.o(.bss.at32_button_press.pressed)
    fac_ms                                   0x200001a4   Data           4  at32f403a_407_board.o(.bss.fac_ms)
    [Anonymous Symbol]                       0x200001a4   Section        0  at32f403a_407_board.o(.bss.fac_ms)
    fac_us                                   0x200001a8   Data           4  at32f403a_407_board.o(.bss.fac_us)
    [Anonymous Symbol]                       0x200001a8   Section        0  at32f403a_407_board.o(.bss.fac_us)
    g_usbd_desc_buffer                       0x200001ac   Data         256  keyboard_desc.o(.bss.g_usbd_desc_buffer)
    [Anonymous Symbol]                       0x200001ac   Section        0  keyboard_desc.o(.bss.g_usbd_desc_buffer)
    usbd_set_configuration.config_value      0x20000530   Data           1  usbd_sdr.o(.bss.usbd_set_configuration.config_value)
    [Anonymous Symbol]                       0x20000530   Section        0  usbd_sdr.o(.bss.usbd_set_configuration.config_value)
    vp_desc                                  0x20000534   Data           8  keyboard_desc.o(.bss.vp_desc)
    [Anonymous Symbol]                       0x20000534   Section        0  keyboard_desc.o(.bss.vp_desc)
    Heap_Mem                                 0x20000540   Data         512  startup_at32f403a_407.o(HEAP)
    HEAP                                     0x20000540   Section      512  startup_at32f403a_407.o(HEAP)
    Stack_Mem                                0x20000740   Data        1024  startup_at32f403a_407.o(STACK)
    STACK                                    0x20000740   Section     1024  startup_at32f403a_407.o(STACK)
    __initial_sp                             0x20000b40   Data           0  startup_at32f403a_407.o(STACK)

    Global Symbols

    Symbol Name                              Value     Ov Type        Size  Object(Section)

    BuildAttributes$$THM_ISAv4$E$P$D$K$B$S$7EM$VFPi3$EXTD16$VFPS$VFMA$PE$A:L22UL41UL21$X:L11$S22US41US21$IEEE1$IW$~IW$USESV6$~STKCKD$USESV7$~SHL$OTIME$ROPI$EBA8$UX$STANDARDLIB$REQ8$PRES8$EABIv2 0x00000000   Number         0  anon$$obj.o ABSOLUTE
    __ARM_exceptions_init                     - Undefined Weak Reference
    __alloca_initialize                       - Undefined Weak Reference
    __arm_preinit_                            - Undefined Weak Reference
    __arm_relocate_pie_                       - Undefined Weak Reference
    __cpp_initialize__aeabi_                  - Undefined Weak Reference
    __cxa_finalize                            - Undefined Weak Reference
    __decompress                              - Undefined Weak Reference
    __rt_locale                               - Undefined Weak Reference
    __sigvec_lookup                           - Undefined Weak Reference
    _atexit_init                              - Undefined Weak Reference
    _call_atexit_fns                          - Undefined Weak Reference
    _clock_init                               - Undefined Weak Reference
    _fp_trap_init                             - Undefined Weak Reference
    _fp_trap_shutdown                         - Undefined Weak Reference
    _get_lc_collate                           - Undefined Weak Reference
    _get_lc_ctype                             - Undefined Weak Reference
    _get_lc_monetary                          - Undefined Weak Reference
    _get_lc_numeric                           - Undefined Weak Reference
    _get_lc_time                              - Undefined Weak Reference
    _getenv_init                              - Undefined Weak Reference
    _handle_redirection                       - Undefined Weak Reference
    _init_alloc                               - Undefined Weak Reference
    _init_user_alloc                          - Undefined Weak Reference
    _initio                                   - Undefined Weak Reference
    _rand_init                                - Undefined Weak Reference
    _signal_finish                            - Undefined Weak Reference
    _signal_init                              - Undefined Weak Reference
    _terminate_alloc                          - Undefined Weak Reference
    _terminate_user_alloc                     - Undefined Weak Reference
    _terminateio                              - Undefined Weak Reference
    __Vectors_Size                           0x00000184   Number         0  startup_at32f403a_407.o ABSOLUTE
    __Vectors                                0x08000000   Data           4  startup_at32f403a_407.o(RESET)
    __Vectors_End                            0x08000184   Data           0  startup_at32f403a_407.o(RESET)
    __main                                   0x08000185   Thumb Code     8  __main.o(!!!main)
    __scatterload                            0x0800018d   Thumb Code     0  __scatter.o(!!!scatter)
    __scatterload_rt2                        0x0800018d   Thumb Code    44  __scatter.o(!!!scatter)
    __scatterload_rt2_thumb_only             0x0800018d   Thumb Code     0  __scatter.o(!!!scatter)
    __scatterload_null                       0x0800019b   Thumb Code     0  __scatter.o(!!!scatter)
    __scatterload_copy                       0x080001c1   Thumb Code    26  __scatter_copy.o(!!handler_copy)
    __scatterload_zeroinit                   0x080001dd   Thumb Code    28  __scatter_zi.o(!!handler_zi)
    __rt_lib_init                            0x080001f9   Thumb Code     0  libinit.o(.ARM.Collect$$libinit$$00000000)
    __rt_lib_init_fp_1                       0x080001fb   Thumb Code     0  libinit2.o(.ARM.Collect$$libinit$$00000001)
    __rt_lib_init_alloca_1                   0x080001ff   Thumb Code     0  libinit2.o(.ARM.Collect$$libinit$$00000030)
    __rt_lib_init_argv_1                     0x080001ff   Thumb Code     0  libinit2.o(.ARM.Collect$$libinit$$0000002E)
    __rt_lib_init_atexit_1                   0x080001ff   Thumb Code     0  libinit2.o(.ARM.Collect$$libinit$$0000001D)
    __rt_lib_init_clock_1                    0x080001ff   Thumb Code     0  libinit2.o(.ARM.Collect$$libinit$$00000023)
    __rt_lib_init_cpp_1                      0x080001ff   Thumb Code     0  libinit2.o(.ARM.Collect$$libinit$$00000034)
    __rt_lib_init_exceptions_1               0x080001ff   Thumb Code     0  libinit2.o(.ARM.Collect$$libinit$$00000032)
    __rt_lib_init_fp_trap_1                  0x080001ff   Thumb Code     0  libinit2.o(.ARM.Collect$$libinit$$00000021)
    __rt_lib_init_getenv_1                   0x080001ff   Thumb Code     0  libinit2.o(.ARM.Collect$$libinit$$00000025)
    __rt_lib_init_heap_1                     0x080001ff   Thumb Code     0  libinit2.o(.ARM.Collect$$libinit$$0000000C)
    __rt_lib_init_lc_collate_1               0x080001ff   Thumb Code     0  libinit2.o(.ARM.Collect$$libinit$$00000013)
    __rt_lib_init_lc_ctype_1                 0x080001ff   Thumb Code     0  libinit2.o(.ARM.Collect$$libinit$$00000015)
    __rt_lib_init_lc_monetary_1              0x080001ff   Thumb Code     0  libinit2.o(.ARM.Collect$$libinit$$00000017)
    __rt_lib_init_lc_numeric_1               0x080001ff   Thumb Code     0  libinit2.o(.ARM.Collect$$libinit$$00000019)
    __rt_lib_init_lc_time_1                  0x080001ff   Thumb Code     0  libinit2.o(.ARM.Collect$$libinit$$0000001B)
    __rt_lib_init_preinit_1                  0x080001ff   Thumb Code     0  libinit2.o(.ARM.Collect$$libinit$$00000006)
    __rt_lib_init_rand_1                     0x080001ff   Thumb Code     0  libinit2.o(.ARM.Collect$$libinit$$00000010)
    __rt_lib_init_relocate_pie_1             0x080001ff   Thumb Code     0  libinit2.o(.ARM.Collect$$libinit$$00000004)
    __rt_lib_init_return                     0x080001ff   Thumb Code     0  libinit2.o(.ARM.Collect$$libinit$$00000035)
    __rt_lib_init_signal_1                   0x080001ff   Thumb Code     0  libinit2.o(.ARM.Collect$$libinit$$0000001F)
    __rt_lib_init_stdio_1                    0x080001ff   Thumb Code     0  libinit2.o(.ARM.Collect$$libinit$$00000027)
    __rt_lib_init_user_alloc_1               0x080001ff   Thumb Code     0  libinit2.o(.ARM.Collect$$libinit$$0000000E)
    __rt_lib_shutdown                        0x08000201   Thumb Code     0  libshutdown.o(.ARM.Collect$$libshutdown$$00000000)
    __rt_lib_shutdown_cpp_1                  0x08000203   Thumb Code     0  libshutdown2.o(.ARM.Collect$$libshutdown$$00000002)
    __rt_lib_shutdown_fp_trap_1              0x08000203   Thumb Code     0  libshutdown2.o(.ARM.Collect$$libshutdown$$00000007)
    __rt_lib_shutdown_heap_1                 0x08000203   Thumb Code     0  libshutdown2.o(.ARM.Collect$$libshutdown$$0000000F)
    __rt_lib_shutdown_return                 0x08000203   Thumb Code     0  libshutdown2.o(.ARM.Collect$$libshutdown$$00000010)
    __rt_lib_shutdown_signal_1               0x08000203   Thumb Code     0  libshutdown2.o(.ARM.Collect$$libshutdown$$0000000A)
    __rt_lib_shutdown_stdio_1                0x08000203   Thumb Code     0  libshutdown2.o(.ARM.Collect$$libshutdown$$00000004)
    __rt_lib_shutdown_user_alloc_1           0x08000203   Thumb Code     0  libshutdown2.o(.ARM.Collect$$libshutdown$$0000000C)
    __rt_entry                               0x08000205   Thumb Code     0  __rtentry.o(.ARM.Collect$$rtentry$$00000000)
    __rt_entry_presh_1                       0x08000205   Thumb Code     0  __rtentry2.o(.ARM.Collect$$rtentry$$00000002)
    __rt_entry_sh                            0x08000205   Thumb Code     0  __rtentry4.o(.ARM.Collect$$rtentry$$00000004)
    __rt_entry_li                            0x0800020b   Thumb Code     0  __rtentry2.o(.ARM.Collect$$rtentry$$0000000A)
    __rt_entry_postsh_1                      0x0800020b   Thumb Code     0  __rtentry2.o(.ARM.Collect$$rtentry$$00000009)
    __rt_entry_main                          0x0800020f   Thumb Code     0  __rtentry2.o(.ARM.Collect$$rtentry$$0000000D)
    __rt_entry_postli_1                      0x0800020f   Thumb Code     0  __rtentry2.o(.ARM.Collect$$rtentry$$0000000C)
    __rt_exit                                0x08000217   Thumb Code     0  rtexit.o(.ARM.Collect$$rtexit$$00000000)
    __rt_exit_ls                             0x08000219   Thumb Code     0  rtexit2.o(.ARM.Collect$$rtexit$$00000003)
    __rt_exit_prels_1                        0x08000219   Thumb Code     0  rtexit2.o(.ARM.Collect$$rtexit$$00000002)
    __rt_exit_exit                           0x0800021d   Thumb Code     0  rtexit2.o(.ARM.Collect$$rtexit$$00000004)
    Reset_Handler                            0x08000225   Thumb Code     8  startup_at32f403a_407.o(.text)
    ACC_IRQHandler                           0x0800023f   Thumb Code     0  startup_at32f403a_407.o(.text)
    ADC1_2_IRQHandler                        0x0800023f   Thumb Code     0  startup_at32f403a_407.o(.text)
    ADC3_IRQHandler                          0x0800023f   Thumb Code     0  startup_at32f403a_407.o(.text)
    CAN1_RX1_IRQHandler                      0x0800023f   Thumb Code     0  startup_at32f403a_407.o(.text)
    CAN1_SE_IRQHandler                       0x0800023f   Thumb Code     0  startup_at32f403a_407.o(.text)
    CAN2_RX0_IRQHandler                      0x0800023f   Thumb Code     0  startup_at32f403a_407.o(.text)
    CAN2_RX1_IRQHandler                      0x0800023f   Thumb Code     0  startup_at32f403a_407.o(.text)
    CAN2_SE_IRQHandler                       0x0800023f   Thumb Code     0  startup_at32f403a_407.o(.text)
    CAN2_TX_IRQHandler                       0x0800023f   Thumb Code     0  startup_at32f403a_407.o(.text)
    CRM_IRQHandler                           0x0800023f   Thumb Code     0  startup_at32f403a_407.o(.text)
    DMA1_Channel1_IRQHandler                 0x0800023f   Thumb Code     0  startup_at32f403a_407.o(.text)
    DMA1_Channel2_IRQHandler                 0x0800023f   Thumb Code     0  startup_at32f403a_407.o(.text)
    DMA1_Channel3_IRQHandler                 0x0800023f   Thumb Code     0  startup_at32f403a_407.o(.text)
    DMA1_Channel4_IRQHandler                 0x0800023f   Thumb Code     0  startup_at32f403a_407.o(.text)
    DMA1_Channel5_IRQHandler                 0x0800023f   Thumb Code     0  startup_at32f403a_407.o(.text)
    DMA1_Channel6_IRQHandler                 0x0800023f   Thumb Code     0  startup_at32f403a_407.o(.text)
    DMA1_Channel7_IRQHandler                 0x0800023f   Thumb Code     0  startup_at32f403a_407.o(.text)
    DMA2_Channel1_IRQHandler                 0x0800023f   Thumb Code     0  startup_at32f403a_407.o(.text)
    DMA2_Channel2_IRQHandler                 0x0800023f   Thumb Code     0  startup_at32f403a_407.o(.text)
    DMA2_Channel3_IRQHandler                 0x0800023f   Thumb Code     0  startup_at32f403a_407.o(.text)
    DMA2_Channel4_5_IRQHandler               0x0800023f   Thumb Code     0  startup_at32f403a_407.o(.text)
    DMA2_Channel6_7_IRQHandler               0x0800023f   Thumb Code     0  startup_at32f403a_407.o(.text)
    EMAC_IRQHandler                          0x0800023f   Thumb Code     0  startup_at32f403a_407.o(.text)
    EMAC_WKUP_IRQHandler                     0x0800023f   Thumb Code     0  startup_at32f403a_407.o(.text)
    EXINT15_10_IRQHandler                    0x0800023f   Thumb Code     0  startup_at32f403a_407.o(.text)
    EXINT1_IRQHandler                        0x0800023f   Thumb Code     0  startup_at32f403a_407.o(.text)
    EXINT2_IRQHandler                        0x0800023f   Thumb Code     0  startup_at32f403a_407.o(.text)
    EXINT3_IRQHandler                        0x0800023f   Thumb Code     0  startup_at32f403a_407.o(.text)
    EXINT4_IRQHandler                        0x0800023f   Thumb Code     0  startup_at32f403a_407.o(.text)
    EXINT9_5_IRQHandler                      0x0800023f   Thumb Code     0  startup_at32f403a_407.o(.text)
    FLASH_IRQHandler                         0x0800023f   Thumb Code     0  startup_at32f403a_407.o(.text)
    I2C1_ERR_IRQHandler                      0x0800023f   Thumb Code     0  startup_at32f403a_407.o(.text)
    I2C1_EVT_IRQHandler                      0x0800023f   Thumb Code     0  startup_at32f403a_407.o(.text)
    I2C2_ERR_IRQHandler                      0x0800023f   Thumb Code     0  startup_at32f403a_407.o(.text)
    I2C2_EVT_IRQHandler                      0x0800023f   Thumb Code     0  startup_at32f403a_407.o(.text)
    I2C3_ERR_IRQHandler                      0x0800023f   Thumb Code     0  startup_at32f403a_407.o(.text)
    I2C3_EVT_IRQHandler                      0x0800023f   Thumb Code     0  startup_at32f403a_407.o(.text)
    PVM_IRQHandler                           0x0800023f   Thumb Code     0  startup_at32f403a_407.o(.text)
    RTCAlarm_IRQHandler                      0x0800023f   Thumb Code     0  startup_at32f403a_407.o(.text)
    RTC_IRQHandler                           0x0800023f   Thumb Code     0  startup_at32f403a_407.o(.text)
    SDIO1_IRQHandler                         0x0800023f   Thumb Code     0  startup_at32f403a_407.o(.text)
    SDIO2_IRQHandler                         0x0800023f   Thumb Code     0  startup_at32f403a_407.o(.text)
    SPI1_IRQHandler                          0x0800023f   Thumb Code     0  startup_at32f403a_407.o(.text)
    SPI2_I2S2EXT_IRQHandler                  0x0800023f   Thumb Code     0  startup_at32f403a_407.o(.text)
    SPI3_I2S3EXT_IRQHandler                  0x0800023f   Thumb Code     0  startup_at32f403a_407.o(.text)
    SPI4_IRQHandler                          0x0800023f   Thumb Code     0  startup_at32f403a_407.o(.text)
    TAMPER_IRQHandler                        0x0800023f   Thumb Code     0  startup_at32f403a_407.o(.text)
    TMR1_BRK_TMR9_IRQHandler                 0x0800023f   Thumb Code     0  startup_at32f403a_407.o(.text)
    TMR1_CH_IRQHandler                       0x0800023f   Thumb Code     0  startup_at32f403a_407.o(.text)
    TMR1_OVF_TMR10_IRQHandler                0x0800023f   Thumb Code     0  startup_at32f403a_407.o(.text)
    TMR1_TRG_HALL_TMR11_IRQHandler           0x0800023f   Thumb Code     0  startup_at32f403a_407.o(.text)
    TMR2_GLOBAL_IRQHandler                   0x0800023f   Thumb Code     0  startup_at32f403a_407.o(.text)
    TMR3_GLOBAL_IRQHandler                   0x0800023f   Thumb Code     0  startup_at32f403a_407.o(.text)
    TMR4_GLOBAL_IRQHandler                   0x0800023f   Thumb Code     0  startup_at32f403a_407.o(.text)
    TMR5_GLOBAL_IRQHandler                   0x0800023f   Thumb Code     0  startup_at32f403a_407.o(.text)
    TMR6_GLOBAL_IRQHandler                   0x0800023f   Thumb Code     0  startup_at32f403a_407.o(.text)
    TMR7_GLOBAL_IRQHandler                   0x0800023f   Thumb Code     0  startup_at32f403a_407.o(.text)
    TMR8_BRK_TMR12_IRQHandler                0x0800023f   Thumb Code     0  startup_at32f403a_407.o(.text)
    TMR8_CH_IRQHandler                       0x0800023f   Thumb Code     0  startup_at32f403a_407.o(.text)
    TMR8_OVF_TMR13_IRQHandler                0x0800023f   Thumb Code     0  startup_at32f403a_407.o(.text)
    TMR8_TRG_HALL_TMR14_IRQHandler           0x0800023f   Thumb Code     0  startup_at32f403a_407.o(.text)
    UART4_IRQHandler                         0x0800023f   Thumb Code     0  startup_at32f403a_407.o(.text)
    UART5_IRQHandler                         0x0800023f   Thumb Code     0  startup_at32f403a_407.o(.text)
    UART7_IRQHandler                         0x0800023f   Thumb Code     0  startup_at32f403a_407.o(.text)
    UART8_IRQHandler                         0x0800023f   Thumb Code     0  startup_at32f403a_407.o(.text)
    USART1_IRQHandler                        0x0800023f   Thumb Code     0  startup_at32f403a_407.o(.text)
    USART2_IRQHandler                        0x0800023f   Thumb Code     0  startup_at32f403a_407.o(.text)
    USART3_IRQHandler                        0x0800023f   Thumb Code     0  startup_at32f403a_407.o(.text)
    USART6_IRQHandler                        0x0800023f   Thumb Code     0  startup_at32f403a_407.o(.text)
    USBFS_H_CAN1_TX_IRQHandler               0x0800023f   Thumb Code     0  startup_at32f403a_407.o(.text)
    USBFS_MAPH_IRQHandler                    0x0800023f   Thumb Code     0  startup_at32f403a_407.o(.text)
    USBFS_MAPL_IRQHandler                    0x0800023f   Thumb Code     0  startup_at32f403a_407.o(.text)
    WWDT_IRQHandler                          0x0800023f   Thumb Code     0  startup_at32f403a_407.o(.text)
    XMC_IRQHandler                           0x0800023f   Thumb Code     0  startup_at32f403a_407.o(.text)
    __user_initial_stackheap                 0x08000241   Thumb Code     0  startup_at32f403a_407.o(.text)
    __use_no_semihosting                     0x08000265   Thumb Code     2  use_no_semi_2.o(.text)
    __use_two_region_memory                  0x08000267   Thumb Code     2  heapauxi.o(.text)
    __rt_heap_escrow$2region                 0x08000269   Thumb Code     2  heapauxi.o(.text)
    __rt_heap_expand$2region                 0x0800026b   Thumb Code     2  heapauxi.o(.text)
    __I$use$semihosting                      0x0800026d   Thumb Code     0  use_no_semi.o(.text)
    __use_no_semihosting_swi                 0x0800026d   Thumb Code     2  use_no_semi.o(.text)
    __user_setup_stackheap                   0x0800026f   Thumb Code    74  sys_stackheap_outer.o(.text)
    exit                                     0x080002b9   Thumb Code    18  exit.o(.text)
    __user_libspace                          0x080002cd   Thumb Code     8  libspace.o(.text)
    __user_perproc_libspace                  0x080002cd   Thumb Code     0  libspace.o(.text)
    __user_perthread_libspace                0x080002cd   Thumb Code     0  libspace.o(.text)
    BusFault_Handler                         0x080002d5   Thumb Code     2  at32f403a_407_int.o(.text.BusFault_Handler)
    DebugMon_Handler                         0x080002d9   Thumb Code     2  at32f403a_407_int.o(.text.DebugMon_Handler)
    EXINT0_IRQHandler                        0x080002dd   Thumb Code     6  main.o(.text.EXINT0_IRQHandler)
    HardFault_Handler                        0x080002e5   Thumb Code     2  at32f403a_407_int.o(.text.HardFault_Handler)
    MemManage_Handler                        0x080002e9   Thumb Code     2  at32f403a_407_int.o(.text.MemManage_Handler)
    NMI_Handler                              0x080002ed   Thumb Code     2  at32f403a_407_int.o(.text.NMI_Handler)
    PendSV_Handler                           0x080002f1   Thumb Code     2  at32f403a_407_int.o(.text.PendSV_Handler)
    SVC_Handler                              0x080002f5   Thumb Code     2  at32f403a_407_int.o(.text.SVC_Handler)
    SysTick_Handler                          0x080002f9   Thumb Code     2  at32f403a_407_int.o(.text.SysTick_Handler)
    SystemInit                               0x080002fd   Thumb Code    92  system_at32f403a_407.o(.text.SystemInit)
    USBFSWakeUp_IRQHandler                   0x08000359   Thumb Code     8  main.o(.text.USBFSWakeUp_IRQHandler)
    USBFS_L_CAN1_RX0_IRQHandler              0x08000361   Thumb Code    12  main.o(.text.USBFS_L_CAN1_RX0_IRQHandler)
    UsageFault_Handler                       0x0800036d   Thumb Code     2  at32f403a_407_int.o(.text.UsageFault_Handler)
    _sys_exit                                0x08000371   Thumb Code     2  at32f403a_407_board.o(.text._sys_exit)
    acc_calibration_mode_enable              0x08000375   Thumb Code    32  at32f403a_407_acc.o(.text.acc_calibration_mode_enable)
    acc_write_c1                             0x08000395   Thumb Code    12  at32f403a_407_acc.o(.text.acc_write_c1)
    acc_write_c2                             0x080003a1   Thumb Code    12  at32f403a_407_acc.o(.text.acc_write_c2)
    acc_write_c3                             0x080003ad   Thumb Code    12  at32f403a_407_acc.o(.text.acc_write_c3)
    at32_board_init                          0x080003b9   Thumb Code   276  at32f403a_407_board.o(.text.at32_board_init)
    at32_button_press                        0x080004cd   Thumb Code   138  at32f403a_407_board.o(.text.at32_button_press)
    at32_led_off                             0x08000559   Thumb Code    38  at32f403a_407_board.o(.text.at32_led_off)
    at32_led_on                              0x08000581   Thumb Code    38  at32f403a_407_board.o(.text.at32_led_on)
    crm_ahb_div_set                          0x080006e1   Thumb Code    26  at32f403a_407_crm.o(.text.crm_ahb_div_set)
    crm_apb1_div_set                         0x080006fd   Thumb Code    26  at32f403a_407_crm.o(.text.crm_apb1_div_set)
    crm_apb2_div_set                         0x08000719   Thumb Code    26  at32f403a_407_crm.o(.text.crm_apb2_div_set)
    crm_auto_step_mode_enable                0x08000735   Thumb Code    24  at32f403a_407_crm.o(.text.crm_auto_step_mode_enable)
    crm_clock_source_enable                  0x0800074d   Thumb Code   122  at32f403a_407_crm.o(.text.crm_clock_source_enable)
    crm_flag_get                             0x080007c9   Thumb Code    26  at32f403a_407_crm.o(.text.crm_flag_get)
    crm_hext_clock_div_set                   0x080007e5   Thumb Code    26  at32f403a_407_crm.o(.text.crm_hext_clock_div_set)
    crm_hext_stable_wait                     0x08000801   Thumb Code    36  at32f403a_407_crm.o(.text.crm_hext_stable_wait)
    crm_periph_clock_enable                  0x08000825   Thumb Code    40  at32f403a_407_crm.o(.text.crm_periph_clock_enable)
    crm_pll_config                           0x0800084d   Thumb Code   110  at32f403a_407_crm.o(.text.crm_pll_config)
    crm_reset                                0x080008bd   Thumb Code    68  at32f403a_407_crm.o(.text.crm_reset)
    crm_sysclk_switch                        0x08000901   Thumb Code    18  at32f403a_407_crm.o(.text.crm_sysclk_switch)
    crm_sysclk_switch_status_get             0x08000915   Thumb Code    16  at32f403a_407_crm.o(.text.crm_sysclk_switch_status_get)
    crm_usb_clock_div_set                    0x08000925   Thumb Code    28  at32f403a_407_crm.o(.text.crm_usb_clock_div_set)
    crm_usb_clock_source_select              0x08000941   Thumb Code    50  at32f403a_407_crm.o(.text.crm_usb_clock_source_select)
    delay_ms                                 0x08000975   Thumb Code    98  at32f403a_407_board.o(.text.delay_ms)
    exint_default_para_init                  0x080009d9   Thumb Code    12  at32f403a_407_exint.o(.text.exint_default_para_init)
    exint_flag_clear                         0x080009e5   Thumb Code    24  at32f403a_407_exint.o(.text.exint_flag_clear)
    exint_init                               0x080009fd   Thumb Code   114  at32f403a_407_exint.o(.text.exint_init)
    gpio_default_para_init                   0x08000c5d   Thumb Code    18  at32f403a_407_gpio.o(.text.gpio_default_para_init)
    gpio_exint_line_config                   0x08000c71   Thumb Code   140  at32f403a_407_gpio.o(.text.gpio_exint_line_config)
    gpio_init                                0x08000cfd   Thumb Code   190  at32f403a_407_gpio.o(.text.gpio_init)
    gpio_input_data_bit_read                 0x08000dbd   Thumb Code    14  at32f403a_407_gpio.o(.text.gpio_input_data_bit_read)
    main                                     0x08000dcd   Thumb Code   384  main.o(.text.main)
    nvic_irq_enable                          0x08000f61   Thumb Code   116  at32f403a_407_misc.o(.text.nvic_irq_enable)
    nvic_priority_group_config               0x08000fd5   Thumb Code    32  at32f403a_407_misc.o(.text.nvic_priority_group_config)
    pwc_deep_sleep_mode_enter                0x08000ff5   Thumb Code    42  at32f403a_407_pwc.o(.text.pwc_deep_sleep_mode_enter)
    pwc_voltage_regulate_set                 0x08001021   Thumb Code    18  at32f403a_407_pwc.o(.text.pwc_voltage_regulate_set)
    system_clock_config                      0x08001035   Thumb Code   110  at32f403a_407_clock.o(.text.system_clock_config)
    system_clock_recover                     0x080010a5   Thumb Code    62  main.o(.text.system_clock_recover)
    system_core_clock_update                 0x080010e5   Thumb Code   164  system_at32f403a_407.o(.text.system_core_clock_update)
    systick_clock_source_config              0x08001199   Thumb Code    24  at32f403a_407_misc.o(.text.systick_clock_source_config)
    usb_buffer_free                          0x080011b1   Thumb Code    14  at32f403a_407_usb.o(.text.usb_buffer_free)
    usb_buffer_malloc                        0x080011c1   Thumb Code    18  at32f403a_407_usb.o(.text.usb_buffer_malloc)
    usb_clock48m_select                      0x080011d5   Thumb Code   250  main.o(.text.usb_clock48m_select)
    usb_connect                              0x080012d1   Thumb Code    18  at32f403a_407_usb.o(.text.usb_connect)
    usb_delay_ms                             0x080012e5   Thumb Code     6  main.o(.text.usb_delay_ms)
    usb_dev_init                             0x080012ed   Thumb Code    28  at32f403a_407_usb.o(.text.usb_dev_init)
    usb_enter_suspend                        0x08001309   Thumb Code    18  at32f403a_407_usb.o(.text.usb_enter_suspend)
    usb_ept_close                            0x0800131d   Thumb Code   218  at32f403a_407_usb.o(.text.usb_ept_close)
    usb_ept_open                             0x080013f9   Thumb Code   802  at32f403a_407_usb.o(.text.usb_ept_open)
    usb_exit_suspend                         0x0800171d   Thumb Code    18  at32f403a_407_usb.o(.text.usb_exit_suspend)
    usb_flag_clear                           0x08001731   Thumb Code     6  at32f403a_407_usb.o(.text.usb_flag_clear)
    usb_hid_keyboard_send_char               0x08001739   Thumb Code   108  keyboard_class.o(.text.usb_hid_keyboard_send_char)
    usb_read_packet                          0x080017a5   Thumb Code    54  at32f403a_407_usb.o(.text.usb_read_packet)
    usb_remote_wkup_clear                    0x080017dd   Thumb Code    10  at32f403a_407_usb.o(.text.usb_remote_wkup_clear)
    usb_remote_wkup_set                      0x080017e9   Thumb Code    10  at32f403a_407_usb.o(.text.usb_remote_wkup_set)
    usb_set_address                          0x080017f5   Thumb Code    18  at32f403a_407_usb.o(.text.usb_set_address)
    usb_write_packet                         0x08001809   Thumb Code    54  at32f403a_407_usb.o(.text.usb_write_packet)
    usbd_clear_stall                         0x08001841   Thumb Code    76  usbd_core.o(.text.usbd_clear_stall)
    usbd_connect                             0x0800188d   Thumb Code     6  usbd_core.o(.text.usbd_connect)
    usbd_connect_state_get                   0x08001895   Thumb Code     6  usbd_core.o(.text.usbd_connect_state_get)
    usbd_core_in_handler                     0x0800189d   Thumb Code   234  usbd_core.o(.text.usbd_core_in_handler)
    usbd_core_init                           0x08001989   Thumb Code   120  usbd_core.o(.text.usbd_core_init)
    usbd_core_out_handler                    0x08001a01   Thumb Code   154  usbd_core.o(.text.usbd_core_out_handler)
    usbd_core_setup_handler                  0x08001a9d   Thumb Code    82  usbd_core.o(.text.usbd_core_setup_handler)
    usbd_ctrl_recv                           0x08001af1   Thumb Code    62  usbd_core.o(.text.usbd_ctrl_recv)
    usbd_ctrl_send                           0x08001b31   Thumb Code    22  usbd_core.o(.text.usbd_ctrl_send)
    usbd_ctrl_send_status                    0x08001b49   Thumb Code    18  usbd_core.o(.text.usbd_ctrl_send_status)
    usbd_ctrl_unsupport                      0x08001b5d   Thumb Code    70  usbd_core.o(.text.usbd_ctrl_unsupport)
    usbd_device_request                      0x08001ba5   Thumb Code   574  usbd_sdr.o(.text.usbd_device_request)
    usbd_endpoint_request                    0x08001de5   Thumb Code   284  usbd_sdr.o(.text.usbd_endpoint_request)
    usbd_enter_suspend                       0x08001f01   Thumb Code     6  usbd_core.o(.text.usbd_enter_suspend)
    usbd_ept_buf_auto_define                 0x08001f09   Thumb Code    76  usbd_core.o(.text.usbd_ept_buf_auto_define)
    usbd_ept_close                           0x08001f55   Thumb Code    28  usbd_core.o(.text.usbd_ept_close)
    usbd_ept_defaut_init                     0x08001f71   Thumb Code   100  usbd_core.o(.text.usbd_ept_defaut_init)
    usbd_ept_open                            0x08001fd5   Thumb Code    66  usbd_core.o(.text.usbd_ept_open)
    usbd_ept_recv                            0x08002019   Thumb Code    62  usbd_core.o(.text.usbd_ept_recv)
    usbd_ept_send                            0x08002059   Thumb Code   174  usbd_core.o(.text.usbd_ept_send)
    usbd_eptn_handler                        0x08002109   Thumb Code   440  usbd_int.o(.text.usbd_eptn_handler)
    usbd_get_recv_len                        0x080022c1   Thumb Code    14  usbd_core.o(.text.usbd_get_recv_len)
    usbd_interface_request                   0x080022d1   Thumb Code    66  usbd_sdr.o(.text.usbd_interface_request)
    usbd_irq_handler                         0x08002315   Thumb Code   268  usbd_int.o(.text.usbd_irq_handler)
    usbd_remote_wakeup                       0x08002421   Thumb Code    40  usbd_core.o(.text.usbd_remote_wakeup)
    usbd_set_stall                           0x08002449   Thumb Code    76  usbd_core.o(.text.usbd_set_stall)
    usbd_setup_request_parse                 0x08002495   Thumb Code    22  usbd_sdr.o(.text.usbd_setup_request_parse)
    _fp_init                                 0x080024ab   Thumb Code    26  fpinit.o(x$fpl$fpinit)
    __fplib_config_fpu_vfp                   0x080024c3   Thumb Code     0  fpinit.o(x$fpl$fpinit)
    __fplib_config_pureend_doubles           0x080024c3   Thumb Code     0  fpinit.o(x$fpl$fpinit)
    Region$$Table$$Base                      0x08002578   Number         0  anon$$obj.o(Region$$Table)
    Region$$Table$$Limit                     0x08002598   Number         0  anon$$obj.o(Region$$Table)
    g_keyboard_usb_desc                      0x20000010   Data           9  keyboard_desc.o(.data.g_keyboard_usb_desc)
    g_usb_packet_address                     0x2000003c   Data           4  at32f403a_407_usb.o(.data.g_usb_packet_address)
    g_usbd_keyboard_report                   0x20000078   Data          63  keyboard_desc.o(.data.g_usbd_keyboard_report)
    keyboard_class_handler                   0x200000b8   Data          40  keyboard_class.o(.data.keyboard_class_handler)
    keyboard_desc_handler                    0x200000e0   Data          40  keyboard_desc.o(.data.keyboard_desc_handler)
    led_gpio_crm_clk                         0x20000110   Data          12  at32f403a_407_board.o(.data.led_gpio_crm_clk)
    led_gpio_pin                             0x2000011c   Data           6  at32f403a_407_board.o(.data.led_gpio_pin)
    led_gpio_port                            0x20000124   Data          12  at32f403a_407_board.o(.data.led_gpio_port)
    system_core_clock                        0x20000138   Data           4  system_at32f403a_407.o(.data.system_core_clock)
    __libspace_start                         0x20000140   Data          96  libspace.o(.bss)
    __temporary_stack_top$libspace           0x200001a0   Data           0  libspace.o(.bss)
    keyboard_struct                          0x200002ac   Data          88  keyboard_class.o(.bss.keyboard_struct)
    usb_core_dev                             0x20000304   Data         556  main.o(.bss.usb_core_dev)



==============================================================================

Memory Map of the image

  Image Entry point : 0x08000185

  Load Region LR_IROM1 (Base: 0x08000000, Size: 0x000026d8, Max: 0x00100000, ABSOLUTE)

    Execution Region ER_IROM1 (Exec base: 0x08000000, Load base: 0x08000000, Size: 0x00002598, Max: 0x00100000, ABSOLUTE)

    Exec Addr    Load Addr    Size         Type   Attr      Idx    E Section Name        Object

    0x08000000   0x08000000   0x00000184   Data   RO         1270    RESET               startup_at32f403a_407.o
    0x08000184   0x08000184   0x00000008   Code   RO         1457  * !!!main             c_w.l(__main.o)
    0x0800018c   0x0800018c   0x00000034   Code   RO         1614    !!!scatter          c_w.l(__scatter.o)
    0x080001c0   0x080001c0   0x0000001a   Code   RO         1616    !!handler_copy      c_w.l(__scatter_copy.o)
    0x080001da   0x080001da   0x00000002   PAD
    0x080001dc   0x080001dc   0x0000001c   Code   RO         1618    !!handler_zi        c_w.l(__scatter_zi.o)
    0x080001f8   0x080001f8   0x00000002   Code   RO         1486    .ARM.Collect$$libinit$$00000000  c_w.l(libinit.o)
    0x080001fa   0x080001fa   0x00000004   Code   RO         1492    .ARM.Collect$$libinit$$00000001  c_w.l(libinit2.o)
    0x080001fe   0x080001fe   0x00000000   Code   RO         1495    .ARM.Collect$$libinit$$00000004  c_w.l(libinit2.o)
    0x080001fe   0x080001fe   0x00000000   Code   RO         1497    .ARM.Collect$$libinit$$00000006  c_w.l(libinit2.o)
    0x080001fe   0x080001fe   0x00000000   Code   RO         1500    .ARM.Collect$$libinit$$0000000C  c_w.l(libinit2.o)
    0x080001fe   0x080001fe   0x00000000   Code   RO         1502    .ARM.Collect$$libinit$$0000000E  c_w.l(libinit2.o)
    0x080001fe   0x080001fe   0x00000000   Code   RO         1504    .ARM.Collect$$libinit$$00000010  c_w.l(libinit2.o)
    0x080001fe   0x080001fe   0x00000000   Code   RO         1507    .ARM.Collect$$libinit$$00000013  c_w.l(libinit2.o)
    0x080001fe   0x080001fe   0x00000000   Code   RO         1509    .ARM.Collect$$libinit$$00000015  c_w.l(libinit2.o)
    0x080001fe   0x080001fe   0x00000000   Code   RO         1511    .ARM.Collect$$libinit$$00000017  c_w.l(libinit2.o)
    0x080001fe   0x080001fe   0x00000000   Code   RO         1513    .ARM.Collect$$libinit$$00000019  c_w.l(libinit2.o)
    0x080001fe   0x080001fe   0x00000000   Code   RO         1515    .ARM.Collect$$libinit$$0000001B  c_w.l(libinit2.o)
    0x080001fe   0x080001fe   0x00000000   Code   RO         1517    .ARM.Collect$$libinit$$0000001D  c_w.l(libinit2.o)
    0x080001fe   0x080001fe   0x00000000   Code   RO         1519    .ARM.Collect$$libinit$$0000001F  c_w.l(libinit2.o)
    0x080001fe   0x080001fe   0x00000000   Code   RO         1521    .ARM.Collect$$libinit$$00000021  c_w.l(libinit2.o)
    0x080001fe   0x080001fe   0x00000000   Code   RO         1523    .ARM.Collect$$libinit$$00000023  c_w.l(libinit2.o)
    0x080001fe   0x080001fe   0x00000000   Code   RO         1525    .ARM.Collect$$libinit$$00000025  c_w.l(libinit2.o)
    0x080001fe   0x080001fe   0x00000000   Code   RO         1527    .ARM.Collect$$libinit$$00000027  c_w.l(libinit2.o)
    0x080001fe   0x080001fe   0x00000000   Code   RO         1531    .ARM.Collect$$libinit$$0000002E  c_w.l(libinit2.o)
    0x080001fe   0x080001fe   0x00000000   Code   RO         1533    .ARM.Collect$$libinit$$00000030  c_w.l(libinit2.o)
    0x080001fe   0x080001fe   0x00000000   Code   RO         1535    .ARM.Collect$$libinit$$00000032  c_w.l(libinit2.o)
    0x080001fe   0x080001fe   0x00000000   Code   RO         1537    .ARM.Collect$$libinit$$00000034  c_w.l(libinit2.o)
    0x080001fe   0x080001fe   0x00000002   Code   RO         1538    .ARM.Collect$$libinit$$00000035  c_w.l(libinit2.o)
    0x08000200   0x08000200   0x00000002   Code   RO         1556    .ARM.Collect$$libshutdown$$00000000  c_w.l(libshutdown.o)
    0x08000202   0x08000202   0x00000000   Code   RO         1568    .ARM.Collect$$libshutdown$$00000002  c_w.l(libshutdown2.o)
    0x08000202   0x08000202   0x00000000   Code   RO         1570    .ARM.Collect$$libshutdown$$00000004  c_w.l(libshutdown2.o)
    0x08000202   0x08000202   0x00000000   Code   RO         1573    .ARM.Collect$$libshutdown$$00000007  c_w.l(libshutdown2.o)
    0x08000202   0x08000202   0x00000000   Code   RO         1576    .ARM.Collect$$libshutdown$$0000000A  c_w.l(libshutdown2.o)
    0x08000202   0x08000202   0x00000000   Code   RO         1578    .ARM.Collect$$libshutdown$$0000000C  c_w.l(libshutdown2.o)
    0x08000202   0x08000202   0x00000000   Code   RO         1581    .ARM.Collect$$libshutdown$$0000000F  c_w.l(libshutdown2.o)
    0x08000202   0x08000202   0x00000002   Code   RO         1582    .ARM.Collect$$libshutdown$$00000010  c_w.l(libshutdown2.o)
    0x08000204   0x08000204   0x00000000   Code   RO         1461    .ARM.Collect$$rtentry$$00000000  c_w.l(__rtentry.o)
    0x08000204   0x08000204   0x00000000   Code   RO         1463    .ARM.Collect$$rtentry$$00000002  c_w.l(__rtentry2.o)
    0x08000204   0x08000204   0x00000006   Code   RO         1475    .ARM.Collect$$rtentry$$00000004  c_w.l(__rtentry4.o)
    0x0800020a   0x0800020a   0x00000000   Code   RO         1465    .ARM.Collect$$rtentry$$00000009  c_w.l(__rtentry2.o)
    0x0800020a   0x0800020a   0x00000004   Code   RO         1466    .ARM.Collect$$rtentry$$0000000A  c_w.l(__rtentry2.o)
    0x0800020e   0x0800020e   0x00000000   Code   RO         1468    .ARM.Collect$$rtentry$$0000000C  c_w.l(__rtentry2.o)
    0x0800020e   0x0800020e   0x00000008   Code   RO         1469    .ARM.Collect$$rtentry$$0000000D  c_w.l(__rtentry2.o)
    0x08000216   0x08000216   0x00000002   Code   RO         1490    .ARM.Collect$$rtexit$$00000000  c_w.l(rtexit.o)
    0x08000218   0x08000218   0x00000000   Code   RO         1540    .ARM.Collect$$rtexit$$00000002  c_w.l(rtexit2.o)
    0x08000218   0x08000218   0x00000004   Code   RO         1541    .ARM.Collect$$rtexit$$00000003  c_w.l(rtexit2.o)
    0x0800021c   0x0800021c   0x00000006   Code   RO         1542    .ARM.Collect$$rtexit$$00000004  c_w.l(rtexit2.o)
    0x08000222   0x08000222   0x00000002   PAD
    0x08000224   0x08000224   0x00000040   Code   RO         1271    .text               startup_at32f403a_407.o
    0x08000264   0x08000264   0x00000002   Code   RO         1453    .text               c_w.l(use_no_semi_2.o)
    0x08000266   0x08000266   0x00000006   Code   RO         1455    .text               c_w.l(heapauxi.o)
    0x0800026c   0x0800026c   0x00000002   Code   RO         1459    .text               c_w.l(use_no_semi.o)
    0x0800026e   0x0800026e   0x0000004a   Code   RO         1477    .text               c_w.l(sys_stackheap_outer.o)
    0x080002b8   0x080002b8   0x00000012   Code   RO         1479    .text               c_w.l(exit.o)
    0x080002ca   0x080002ca   0x00000002   PAD
    0x080002cc   0x080002cc   0x00000008   Code   RO         1487    .text               c_w.l(libspace.o)
    0x080002d4   0x080002d4   0x00000002   Code   RO           16    .text.BusFault_Handler  at32f403a_407_int.o
    0x080002d6   0x080002d6   0x00000002   PAD
    0x080002d8   0x080002d8   0x00000002   Code   RO           22    .text.DebugMon_Handler  at32f403a_407_int.o
    0x080002da   0x080002da   0x00000002   PAD
    0x080002dc   0x080002dc   0x00000006   Code   RO           47    .text.EXINT0_IRQHandler  main.o
    0x080002e2   0x080002e2   0x00000002   PAD
    0x080002e4   0x080002e4   0x00000002   Code   RO           12    .text.HardFault_Handler  at32f403a_407_int.o
    0x080002e6   0x080002e6   0x00000002   PAD
    0x080002e8   0x080002e8   0x00000002   Code   RO           14    .text.MemManage_Handler  at32f403a_407_int.o
    0x080002ea   0x080002ea   0x00000002   PAD
    0x080002ec   0x080002ec   0x00000002   Code   RO           10    .text.NMI_Handler   at32f403a_407_int.o
    0x080002ee   0x080002ee   0x00000002   PAD
    0x080002f0   0x080002f0   0x00000002   Code   RO           24    .text.PendSV_Handler  at32f403a_407_int.o
    0x080002f2   0x080002f2   0x00000002   PAD
    0x080002f4   0x080002f4   0x00000002   Code   RO           20    .text.SVC_Handler   at32f403a_407_int.o
    0x080002f6   0x080002f6   0x00000002   PAD
    0x080002f8   0x080002f8   0x00000002   Code   RO           26    .text.SysTick_Handler  at32f403a_407_int.o
    0x080002fa   0x080002fa   0x00000002   PAD
    0x080002fc   0x080002fc   0x0000005c   Code   RO         1256    .text.SystemInit    system_at32f403a_407.o
    0x08000358   0x08000358   0x00000008   Code   RO           49    .text.USBFSWakeUp_IRQHandler  main.o
    0x08000360   0x08000360   0x0000000c   Code   RO           51    .text.USBFS_L_CAN1_RX0_IRQHandler  main.o
    0x0800036c   0x0800036c   0x00000002   Code   RO           18    .text.UsageFault_Handler  at32f403a_407_int.o
    0x0800036e   0x0800036e   0x00000002   PAD
    0x08000370   0x08000370   0x00000002   Code   RO           67    .text._sys_exit     at32f403a_407_board.o
    0x08000372   0x08000372   0x00000002   PAD
    0x08000374   0x08000374   0x00000020   Code   RO          114    .text.acc_calibration_mode_enable  at32f403a_407_acc.o
    0x08000394   0x08000394   0x0000000c   Code   RO          124    .text.acc_write_c1  at32f403a_407_acc.o
    0x080003a0   0x080003a0   0x0000000c   Code   RO          126    .text.acc_write_c2  at32f403a_407_acc.o
    0x080003ac   0x080003ac   0x0000000c   Code   RO          128    .text.acc_write_c3  at32f403a_407_acc.o
    0x080003b8   0x080003b8   0x00000114   Code   RO           75    .text.at32_board_init  at32f403a_407_board.o
    0x080004cc   0x080004cc   0x0000008a   Code   RO           87    .text.at32_button_press  at32f403a_407_board.o
    0x08000556   0x08000556   0x00000002   PAD
    0x08000558   0x08000558   0x00000026   Code   RO           81    .text.at32_led_off  at32f403a_407_board.o
    0x0800057e   0x0800057e   0x00000002   PAD
    0x08000580   0x08000580   0x00000026   Code   RO           91    .text.at32_led_on   at32f403a_407_board.o
    0x080005a6   0x080005a6   0x00000002   PAD
    0x080005a8   0x080005a8   0x0000000c   Code   RO         1379    .text.class_clear_handler  keyboard_class.o
    0x080005b4   0x080005b4   0x00000020   Code   RO         1385    .text.class_ept0_rx_handler  keyboard_class.o
    0x080005d4   0x080005d4   0x00000004   Code   RO         1383    .text.class_ept0_tx_handler  keyboard_class.o
    0x080005d8   0x080005d8   0x00000012   Code   RO         1393    .text.class_event_handler  keyboard_class.o
    0x080005ea   0x080005ea   0x00000002   PAD
    0x080005ec   0x080005ec   0x0000000e   Code   RO         1387    .text.class_in_handler  keyboard_class.o
    0x080005fa   0x080005fa   0x00000002   PAD
    0x080005fc   0x080005fc   0x0000001a   Code   RO         1377    .text.class_init_handler  keyboard_class.o
    0x08000616   0x08000616   0x00000002   PAD
    0x08000618   0x08000618   0x00000004   Code   RO         1389    .text.class_out_handler  keyboard_class.o
    0x0800061c   0x0800061c   0x000000c0   Code   RO         1381    .text.class_setup_handler  keyboard_class.o
    0x080006dc   0x080006dc   0x00000004   Code   RO         1391    .text.class_sof_handler  keyboard_class.o
    0x080006e0   0x080006e0   0x0000001a   Code   RO          370    .text.crm_ahb_div_set  at32f403a_407_crm.o
    0x080006fa   0x080006fa   0x00000002   PAD
    0x080006fc   0x080006fc   0x0000001a   Code   RO          372    .text.crm_apb1_div_set  at32f403a_407_crm.o
    0x08000716   0x08000716   0x00000002   PAD
    0x08000718   0x08000718   0x0000001a   Code   RO          374    .text.crm_apb2_div_set  at32f403a_407_crm.o
    0x08000732   0x08000732   0x00000002   PAD
    0x08000734   0x08000734   0x00000018   Code   RO          396    .text.crm_auto_step_mode_enable  at32f403a_407_crm.o
    0x0800074c   0x0800074c   0x0000007a   Code   RO          362    .text.crm_clock_source_enable  at32f403a_407_crm.o
    0x080007c6   0x080007c6   0x00000002   PAD
    0x080007c8   0x080007c8   0x0000001a   Code   RO          348    .text.crm_flag_get  at32f403a_407_crm.o
    0x080007e2   0x080007e2   0x00000002   PAD
    0x080007e4   0x080007e4   0x0000001a   Code   RO          408    .text.crm_hext_clock_div_set  at32f403a_407_crm.o
    0x080007fe   0x080007fe   0x00000002   PAD
    0x08000800   0x08000800   0x00000024   Code   RO          350    .text.crm_hext_stable_wait  at32f403a_407_crm.o
    0x08000824   0x08000824   0x00000028   Code   RO          356    .text.crm_periph_clock_enable  at32f403a_407_crm.o
    0x0800084c   0x0800084c   0x0000006e   Code   RO          384    .text.crm_pll_config  at32f403a_407_crm.o
    0x080008ba   0x080008ba   0x00000002   PAD
    0x080008bc   0x080008bc   0x00000044   Code   RO          342    .text.crm_reset     at32f403a_407_crm.o
    0x08000900   0x08000900   0x00000012   Code   RO          386    .text.crm_sysclk_switch  at32f403a_407_crm.o
    0x08000912   0x08000912   0x00000002   PAD
    0x08000914   0x08000914   0x00000010   Code   RO          388    .text.crm_sysclk_switch_status_get  at32f403a_407_crm.o
    0x08000924   0x08000924   0x0000001c   Code   RO          378    .text.crm_usb_clock_div_set  at32f403a_407_crm.o
    0x08000940   0x08000940   0x00000032   Code   RO          404    .text.crm_usb_clock_source_select  at32f403a_407_crm.o
    0x08000972   0x08000972   0x00000002   PAD
    0x08000974   0x08000974   0x00000062   Code   RO           89    .text.delay_ms      at32f403a_407_board.o
    0x080009d6   0x080009d6   0x00000002   PAD
    0x080009d8   0x080009d8   0x0000000c   Code   RO          500    .text.exint_default_para_init  at32f403a_407_exint.o
    0x080009e4   0x080009e4   0x00000018   Code   RO          504    .text.exint_flag_clear  at32f403a_407_exint.o
    0x080009fc   0x080009fc   0x00000072   Code   RO          502    .text.exint_init    at32f403a_407_exint.o
    0x08000a6e   0x08000a6e   0x00000002   PAD
    0x08000a70   0x08000a70   0x00000050   Code   RO         1428    .text.get_device_config_string  keyboard_desc.o
    0x08000ac0   0x08000ac0   0x0000000a   Code   RO         1414    .text.get_device_configuration  keyboard_desc.o
    0x08000aca   0x08000aca   0x00000002   PAD
    0x08000acc   0x08000acc   0x0000000a   Code   RO         1410    .text.get_device_descriptor  keyboard_desc.o
    0x08000ad6   0x08000ad6   0x00000002   PAD
    0x08000ad8   0x08000ad8   0x00000050   Code   RO         1426    .text.get_device_interface_string  keyboard_desc.o
    0x08000b28   0x08000b28   0x0000000a   Code   RO         1418    .text.get_device_lang_id  keyboard_desc.o
    0x08000b32   0x08000b32   0x00000002   PAD
    0x08000b34   0x08000b34   0x00000050   Code   RO         1420    .text.get_device_manufacturer_string  keyboard_desc.o
    0x08000b84   0x08000b84   0x00000004   Code   RO         1416    .text.get_device_other_speed  keyboard_desc.o
    0x08000b88   0x08000b88   0x00000050   Code   RO         1422    .text.get_device_product_string  keyboard_desc.o
    0x08000bd8   0x08000bd8   0x00000004   Code   RO         1412    .text.get_device_qualifier  keyboard_desc.o
    0x08000bdc   0x08000bdc   0x00000080   Code   RO         1424    .text.get_device_serial_string  keyboard_desc.o
    0x08000c5c   0x08000c5c   0x00000012   Code   RO          630    .text.gpio_default_para_init  at32f403a_407_gpio.o
    0x08000c6e   0x08000c6e   0x00000002   PAD
    0x08000c70   0x08000c70   0x0000008c   Code   RO          658    .text.gpio_exint_line_config  at32f403a_407_gpio.o
    0x08000cfc   0x08000cfc   0x000000be   Code   RO          628    .text.gpio_init     at32f403a_407_gpio.o
    0x08000dba   0x08000dba   0x00000002   PAD
    0x08000dbc   0x08000dbc   0x0000000e   Code   RO          632    .text.gpio_input_data_bit_read  at32f403a_407_gpio.o
    0x08000dca   0x08000dca   0x00000002   PAD
    0x08000dcc   0x08000dcc   0x00000194   Code   RO           39    .text.main          main.o
    0x08000f60   0x08000f60   0x00000074   Code   RO          740    .text.nvic_irq_enable  at32f403a_407_misc.o
    0x08000fd4   0x08000fd4   0x00000020   Code   RO          744    .text.nvic_priority_group_config  at32f403a_407_misc.o
    0x08000ff4   0x08000ff4   0x0000002a   Code   RO          776    .text.pwc_deep_sleep_mode_enter  at32f403a_407_pwc.o
    0x0800101e   0x0800101e   0x00000002   PAD
    0x08001020   0x08001020   0x00000012   Code   RO          778    .text.pwc_voltage_regulate_set  at32f403a_407_pwc.o
    0x08001032   0x08001032   0x00000002   PAD
    0x08001034   0x08001034   0x0000006e   Code   RO            2    .text.system_clock_config  at32f403a_407_clock.o
    0x080010a2   0x080010a2   0x00000002   PAD
    0x080010a4   0x080010a4   0x0000003e   Code   RO           45    .text.system_clock_recover  main.o
    0x080010e2   0x080010e2   0x00000002   PAD
    0x080010e4   0x080010e4   0x000000b4   Code   RO         1258    .text.system_core_clock_update  system_at32f403a_407.o
    0x08001198   0x08001198   0x00000018   Code   RO          750    .text.systick_clock_source_config  at32f403a_407_misc.o
    0x080011b0   0x080011b0   0x0000000e   Code   RO         1152    .text.usb_buffer_free  at32f403a_407_usb.o
    0x080011be   0x080011be   0x00000002   PAD
    0x080011c0   0x080011c0   0x00000012   Code   RO         1150    .text.usb_buffer_malloc  at32f403a_407_usb.o
    0x080011d2   0x080011d2   0x00000002   PAD
    0x080011d4   0x080011d4   0x000000fa   Code   RO           37    .text.usb_clock48m_select  main.o
    0x080012ce   0x080012ce   0x00000002   PAD
    0x080012d0   0x080012d0   0x00000012   Code   RO         1124    .text.usb_connect   at32f403a_407_usb.o
    0x080012e2   0x080012e2   0x00000002   PAD
    0x080012e4   0x080012e4   0x00000006   Code   RO           53    .text.usb_delay_ms  main.o
    0x080012ea   0x080012ea   0x00000002   PAD
    0x080012ec   0x080012ec   0x0000001c   Code   RO         1120    .text.usb_dev_init  at32f403a_407_usb.o
    0x08001308   0x08001308   0x00000012   Code   RO         1142    .text.usb_enter_suspend  at32f403a_407_usb.o
    0x0800131a   0x0800131a   0x00000002   PAD
    0x0800131c   0x0800131c   0x000000da   Code   RO         1132    .text.usb_ept_close  at32f403a_407_usb.o
    0x080013f6   0x080013f6   0x00000002   PAD
    0x080013f8   0x080013f8   0x00000322   Code   RO         1130    .text.usb_ept_open  at32f403a_407_usb.o
    0x0800171a   0x0800171a   0x00000002   PAD
    0x0800171c   0x0800171c   0x00000012   Code   RO         1144    .text.usb_exit_suspend  at32f403a_407_usb.o
    0x0800172e   0x0800172e   0x00000002   PAD
    0x08001730   0x08001730   0x00000006   Code   RO         1156    .text.usb_flag_clear  at32f403a_407_usb.o
    0x08001736   0x08001736   0x00000002   PAD
    0x08001738   0x08001738   0x0000006c   Code   RO         1397    .text.usb_hid_keyboard_send_char  keyboard_class.o
    0x080017a4   0x080017a4   0x00000036   Code   RO         1136    .text.usb_read_packet  at32f403a_407_usb.o
    0x080017da   0x080017da   0x00000002   PAD
    0x080017dc   0x080017dc   0x0000000a   Code   RO         1148    .text.usb_remote_wkup_clear  at32f403a_407_usb.o
    0x080017e6   0x080017e6   0x00000002   PAD
    0x080017e8   0x080017e8   0x0000000a   Code   RO         1146    .text.usb_remote_wkup_set  at32f403a_407_usb.o
    0x080017f2   0x080017f2   0x00000002   PAD
    0x080017f4   0x080017f4   0x00000012   Code   RO         1138    .text.usb_set_address  at32f403a_407_usb.o
    0x08001806   0x08001806   0x00000002   PAD
    0x08001808   0x08001808   0x00000036   Code   RO         1134    .text.usb_write_packet  at32f403a_407_usb.o
    0x0800183e   0x0800183e   0x00000002   PAD
    0x08001840   0x08001840   0x0000004c   Code   RO         1296    .text.usbd_clear_stall  usbd_core.o
    0x0800188c   0x0800188c   0x00000006   Code   RO         1314    .text.usbd_connect  usbd_core.o
    0x08001892   0x08001892   0x00000002   PAD
    0x08001894   0x08001894   0x00000006   Code   RO         1320    .text.usbd_connect_state_get  usbd_core.o
    0x0800189a   0x0800189a   0x00000002   PAD
    0x0800189c   0x0800189c   0x000000ea   Code   RO         1278    .text.usbd_core_in_handler  usbd_core.o
    0x08001986   0x08001986   0x00000002   PAD
    0x08001988   0x08001988   0x00000078   Code   RO         1328    .text.usbd_core_init  usbd_core.o
    0x08001a00   0x08001a00   0x0000009a   Code   RO         1286    .text.usbd_core_out_handler  usbd_core.o
    0x08001a9a   0x08001a9a   0x00000002   PAD
    0x08001a9c   0x08001a9c   0x00000052   Code   RO         1290    .text.usbd_core_setup_handler  usbd_core.o
    0x08001aee   0x08001aee   0x00000002   PAD
    0x08001af0   0x08001af0   0x0000003e   Code   RO         1294    .text.usbd_ctrl_recv  usbd_core.o
    0x08001b2e   0x08001b2e   0x00000002   PAD
    0x08001b30   0x08001b30   0x00000016   Code   RO         1292    .text.usbd_ctrl_send  usbd_core.o
    0x08001b46   0x08001b46   0x00000002   PAD
    0x08001b48   0x08001b48   0x00000012   Code   RO         1288    .text.usbd_ctrl_send_status  usbd_core.o
    0x08001b5a   0x08001b5a   0x00000002   PAD
    0x08001b5c   0x08001b5c   0x00000046   Code   RO         1300    .text.usbd_ctrl_unsupport  usbd_core.o
    0x08001ba2   0x08001ba2   0x00000002   PAD
    0x08001ba4   0x08001ba4   0x0000023e   Code   RO         1362    .text.usbd_device_request  usbd_sdr.o
    0x08001de2   0x08001de2   0x00000002   PAD
    0x08001de4   0x08001de4   0x0000011c   Code   RO         1366    .text.usbd_endpoint_request  usbd_sdr.o
    0x08001f00   0x08001f00   0x00000006   Code   RO         1324    .text.usbd_enter_suspend  usbd_core.o
    0x08001f06   0x08001f06   0x00000002   PAD
    0x08001f08   0x08001f08   0x0000004c   Code   RO         1306    .text.usbd_ept_buf_auto_define  usbd_core.o
    0x08001f54   0x08001f54   0x0000001c   Code   RO         1312    .text.usbd_ept_close  usbd_core.o
    0x08001f70   0x08001f70   0x00000064   Code   RO         1326    .text.usbd_ept_defaut_init  usbd_core.o
    0x08001fd4   0x08001fd4   0x00000042   Code   RO         1310    .text.usbd_ept_open  usbd_core.o
    0x08002016   0x08002016   0x00000002   PAD
    0x08002018   0x08002018   0x0000003e   Code   RO         1282    .text.usbd_ept_recv  usbd_core.o
    0x08002056   0x08002056   0x00000002   PAD
    0x08002058   0x08002058   0x000000ae   Code   RO         1280    .text.usbd_ept_send  usbd_core.o
    0x08002106   0x08002106   0x00000002   PAD
    0x08002108   0x08002108   0x000001b8   Code   RO         1350    .text.usbd_eptn_handler  usbd_int.o
    0x080022c0   0x080022c0   0x0000000e   Code   RO         1302    .text.usbd_get_recv_len  usbd_core.o
    0x080022ce   0x080022ce   0x00000002   PAD
    0x080022d0   0x080022d0   0x00000042   Code   RO         1364    .text.usbd_interface_request  usbd_sdr.o
    0x08002312   0x08002312   0x00000002   PAD
    0x08002314   0x08002314   0x0000010c   Code   RO         1338    .text.usbd_irq_handler  usbd_int.o
    0x08002420   0x08002420   0x00000028   Code   RO         1322    .text.usbd_remote_wakeup  usbd_core.o
    0x08002448   0x08002448   0x0000004c   Code   RO         1298    .text.usbd_set_stall  usbd_core.o
    0x08002494   0x08002494   0x00000016   Code   RO         1360    .text.usbd_setup_request_parse  usbd_sdr.o
    0x080024aa   0x080024aa   0x0000001a   Code   RO         1548    x$fpl$fpinit        fz_wm.l(fpinit.o)
    0x080024c4   0x080024c4   0x00000080   Data   RO         1401    .rodata._asciimap   keyboard_class.o
    0x08002544   0x08002544   0x00000033   Data   RO         1439    .rodata.str1.1      keyboard_desc.o
    0x08002577   0x08002577   0x00000001   PAD
    0x08002578   0x08002578   0x00000020   Data   RO         1613    Region$$Table       anon$$obj.o


    Execution Region RW_IRAM1 (Exec base: 0x20000000, Load base: 0x08002598, Size: 0x00000b40, Max: 0x00038000, ABSOLUTE)

    Exec Addr    Load Addr    Size         Type   Attr      Idx    E Section Name        Object

    0x20000000   0x08002598   0x00000008   Data   RW         1435    .data.config_descriptor  keyboard_desc.o
    0x20000008   0x080025a0   0x00000008   Data   RW         1433    .data.device_descriptor  keyboard_desc.o
    0x20000010   0x080025a8   0x00000009   Data   RW         1432    .data.g_keyboard_usb_desc  keyboard_desc.o
    0x20000019   0x080025b1   0x00000003   PAD
    0x2000001c   0x080025b4   0x00000004   Data   RW         1438    .data.g_string_lang_id  keyboard_desc.o
    0x20000020   0x080025b8   0x0000001a   Data   RW         1443    .data.g_string_serial  keyboard_desc.o
    0x2000003a   0x080025d2   0x00000002   Data   RW         1159    .data.g_usb_offset_addr  at32f403a_407_usb.o
    0x2000003c   0x080025d4   0x00000004   Data   RW         1158    .data.g_usb_packet_address  at32f403a_407_usb.o
    0x20000040   0x080025d8   0x00000022   Data   RW         1436    .data.g_usbd_configuration  keyboard_desc.o
    0x20000062   0x080025fa   0x00000002   PAD
    0x20000064   0x080025fc   0x00000012   Data   RW         1434    .data.g_usbd_descriptor  keyboard_desc.o
    0x20000076   0x0800260e   0x00000002   PAD
    0x20000078   0x08002610   0x0000003f   Data   RW         1431    .data.g_usbd_keyboard_report  keyboard_desc.o
    0x200000b7   0x0800264f   0x00000001   PAD
    0x200000b8   0x08002650   0x00000028   Data   RW         1400    .data.keyboard_class_handler  keyboard_class.o
    0x200000e0   0x08002678   0x00000028   Data   RW         1430    .data.keyboard_desc_handler  keyboard_desc.o
    0x20000108   0x080026a0   0x00000008   Data   RW         1437    .data.langid_descriptor  keyboard_desc.o
    0x20000110   0x080026a8   0x0000000c   Data   RW          101    .data.led_gpio_crm_clk  at32f403a_407_board.o
    0x2000011c   0x080026b4   0x00000006   Data   RW          100    .data.led_gpio_pin  at32f403a_407_board.o
    0x20000122   0x080026ba   0x00000002   PAD
    0x20000124   0x080026bc   0x0000000c   Data   RW           99    .data.led_gpio_port  at32f403a_407_board.o
    0x20000130   0x080026c8   0x00000008   Data   RW         1442    .data.serial_descriptor  keyboard_desc.o
    0x20000138   0x080026d0   0x00000004   Data   RW         1260    .data.system_core_clock  system_at32f403a_407.o
    0x2000013c   0x080026d4   0x00000004   PAD
    0x20000140        -       0x00000060   Zero   RW         1488    .bss                c_w.l(libspace.o)
    0x200001a0        -       0x00000001   Zero   RW          102    .bss.at32_button_press.pressed  at32f403a_407_board.o
    0x200001a1   0x080026d4   0x00000003   PAD
    0x200001a4        -       0x00000004   Zero   RW          104    .bss.fac_ms         at32f403a_407_board.o
    0x200001a8        -       0x00000004   Zero   RW          103    .bss.fac_us         at32f403a_407_board.o
    0x200001ac        -       0x00000100   Zero   RW         1440    .bss.g_usbd_desc_buffer  keyboard_desc.o
    0x200002ac        -       0x00000058   Zero   RW         1399    .bss.keyboard_struct  keyboard_class.o
    0x20000304        -       0x0000022c   Zero   RW           57    .bss.usb_core_dev   main.o
    0x20000530        -       0x00000001   Zero   RW         1368    .bss.usbd_set_configuration.config_value  usbd_sdr.o
    0x20000531   0x080026d4   0x00000003   PAD
    0x20000534        -       0x00000008   Zero   RW         1441    .bss.vp_desc        keyboard_desc.o
    0x2000053c   0x080026d4   0x00000004   PAD
    0x20000540        -       0x00000200   Zero   RW         1269    HEAP                startup_at32f403a_407.o
    0x20000740        -       0x00000400   Zero   RW         1268    STACK               startup_at32f403a_407.o


==============================================================================

Image component sizes


      Code (inc. data)   RO Data    RW Data    ZI Data      Debug   Object Name

        68          0          0          0          0       3503   at32f403a_407_acc.o
       590          0          0         30          9      14060   at32f403a_407_board.o
       110          0          0          0          0       3296   at32f403a_407_clock.o
       642          6          0          0          0      22247   at32f403a_407_crm.o
       150          0          0          0          0       3595   at32f403a_407_exint.o
       362          4          0          0          0      15640   at32f403a_407_gpio.o
        18          0          0          0          0       1078   at32f403a_407_int.o
       172          0          0          0          0       7379   at32f403a_407_misc.o
        60          0          0          0          0       5957   at32f403a_407_pwc.o
      1286          4          0          6          0      14852   at32f403a_407_usb.o
       414         22        128         40         88       9800   keyboard_class.o
       486          0         51        226        264       4274   keyboard_desc.o
       748         20          0          0        556      13996   main.o
        64         26        388          0       1536       1048   startup_at32f403a_407.o
       272         16          0          4          0       8452   system_at32f403a_407.o
      1492          0          0          0          0      15245   usbd_core.o
       708          0          0          0          0       8402   usbd_int.o
       946         24          0          0          1       9254   usbd_sdr.o

    ----------------------------------------------------------------------
      8726        122        600        316       2468     162078   Object Totals
         0          0         32          0          0          0   (incl. Generated)
       138          0          1         10         14          0   (incl. Padding)

    ----------------------------------------------------------------------

      Code (inc. data)   RO Data    RW Data    ZI Data      Debug   Library Member Name

         8          0          0          0          0         68   __main.o
         0          0          0          0          0          0   __rtentry.o
        12          0          0          0          0          0   __rtentry2.o
         6          0          0          0          0          0   __rtentry4.o
        52          8          0          0          0          0   __scatter.o
        26          0          0          0          0          0   __scatter_copy.o
        28          0          0          0          0          0   __scatter_zi.o
        18          0          0          0          0         80   exit.o
         6          0          0          0          0        152   heapauxi.o
         2          0          0          0          0          0   libinit.o
         6          0          0          0          0          0   libinit2.o
         2          0          0          0          0          0   libshutdown.o
         2          0          0          0          0          0   libshutdown2.o
         8          4          0          0         96         68   libspace.o
         2          0          0          0          0          0   rtexit.o
        10          0          0          0          0          0   rtexit2.o
        74          0          0          0          0         80   sys_stackheap_outer.o
         2          0          0          0          0         68   use_no_semi.o
         2          0          0          0          0         68   use_no_semi_2.o
        26          0          0          0          0        116   fpinit.o

    ----------------------------------------------------------------------
       298         12          0          0         96        700   Library Totals
         6          0          0          0          0          0   (incl. Padding)

    ----------------------------------------------------------------------

      Code (inc. data)   RO Data    RW Data    ZI Data      Debug   Library Name

       266         12          0          0         96        584   c_w.l
        26          0          0          0          0        116   fz_wm.l

    ----------------------------------------------------------------------
       298         12          0          0         96        700   Library Totals

    ----------------------------------------------------------------------

==============================================================================


      Code (inc. data)   RO Data    RW Data    ZI Data      Debug   

      9024        134        600        316       2564     162302   Grand Totals
      9024        134        600        316       2564     162302   ELF Image Totals
      9024        134        600        316          0          0   ROM Totals

==============================================================================

    Total RO  Size (Code + RO Data)                 9624 (   9.40kB)
    Total RW  Size (RW Data + ZI Data)              2880 (   2.81kB)
    Total ROM Size (Code + RO Data + RW Data)       9940 (   9.71kB)

==============================================================================

